Archive member included because of file (symbol)

/usr/local/Cellar/avr-gcc/4.6.1/lib/gcc/avr/4.6.1/avr5/libgcc.a(_divmodhi4.o)
                              uart_async.o (__divmodhi4)
/usr/local/Cellar/avr-gcc/4.6.1/lib/gcc/avr/4.6.1/avr5/libgcc.a(_exit.o)
                              /usr/local/Cellar/avr-gcc/4.6.1/lib/gcc/avr/4.6.1/../../../../avr/lib/avr5/crtm328p.o (exit)
/usr/local/Cellar/avr-gcc/4.6.1/lib/gcc/avr/4.6.1/avr5/libgcc.a(_copy_data.o)
                              main.o (__do_copy_data)
/usr/local/Cellar/avr-gcc/4.6.1/lib/gcc/avr/4.6.1/avr5/libgcc.a(_clear_bss.o)
                              main.o (__do_clear_bss)
/usr/local/Cellar/avr-gcc/4.6.1/lib/gcc/avr/4.6.1/avr5/libgcc.a(_udivmodhi4.o)
                              /usr/local/Cellar/avr-gcc/4.6.1/lib/gcc/avr/4.6.1/avr5/libgcc.a(_divmodhi4.o) (__udivmodhi4)
/usr/local/Cellar/avr-gcc/4.6.1/lib/gcc/avr/4.6.1/../../../../avr/lib/avr5/libc.a(itoa.o)
                              main.o (itoa)
/usr/local/Cellar/avr-gcc/4.6.1/lib/gcc/avr/4.6.1/../../../../avr/lib/avr5/libc.a(iob.o)
                              main.o (__iob)
/usr/local/Cellar/avr-gcc/4.6.1/lib/gcc/avr/4.6.1/../../../../avr/lib/avr5/libc.a(printf.o)
                              main.o (printf)
/usr/local/Cellar/avr-gcc/4.6.1/lib/gcc/avr/4.6.1/../../../../avr/lib/avr5/libc.a(vfprintf_std.o)
                              /usr/local/Cellar/avr-gcc/4.6.1/lib/gcc/avr/4.6.1/../../../../avr/lib/avr5/libc.a(printf.o) (vfprintf)
/usr/local/Cellar/avr-gcc/4.6.1/lib/gcc/avr/4.6.1/../../../../avr/lib/avr5/libc.a(strnlen_P.o)
                              /usr/local/Cellar/avr-gcc/4.6.1/lib/gcc/avr/4.6.1/../../../../avr/lib/avr5/libc.a(vfprintf_std.o) (strnlen_P)
/usr/local/Cellar/avr-gcc/4.6.1/lib/gcc/avr/4.6.1/../../../../avr/lib/avr5/libc.a(strnlen.o)
                              /usr/local/Cellar/avr-gcc/4.6.1/lib/gcc/avr/4.6.1/../../../../avr/lib/avr5/libc.a(vfprintf_std.o) (strnlen)
/usr/local/Cellar/avr-gcc/4.6.1/lib/gcc/avr/4.6.1/../../../../avr/lib/avr5/libc.a(strrev.o)
                              /usr/local/Cellar/avr-gcc/4.6.1/lib/gcc/avr/4.6.1/../../../../avr/lib/avr5/libc.a(itoa.o) (strrev)
/usr/local/Cellar/avr-gcc/4.6.1/lib/gcc/avr/4.6.1/../../../../avr/lib/avr5/libc.a(fputc.o)
                              /usr/local/Cellar/avr-gcc/4.6.1/lib/gcc/avr/4.6.1/../../../../avr/lib/avr5/libc.a(vfprintf_std.o) (fputc)
/usr/local/Cellar/avr-gcc/4.6.1/lib/gcc/avr/4.6.1/../../../../avr/lib/avr5/libc.a(ultoa_invert.o)
                              /usr/local/Cellar/avr-gcc/4.6.1/lib/gcc/avr/4.6.1/../../../../avr/lib/avr5/libc.a(vfprintf_std.o) (__ultoa_invert)
/usr/local/Cellar/avr-gcc/4.6.1/lib/gcc/avr/4.6.1/avr5/libgcc.a(_prologue.o)
                              /usr/local/Cellar/avr-gcc/4.6.1/lib/gcc/avr/4.6.1/../../../../avr/lib/avr5/libc.a(printf.o) (__prologue_saves__)
/usr/local/Cellar/avr-gcc/4.6.1/lib/gcc/avr/4.6.1/avr5/libgcc.a(_epilogue.o)
                              /usr/local/Cellar/avr-gcc/4.6.1/lib/gcc/avr/4.6.1/../../../../avr/lib/avr5/libc.a(printf.o) (__epilogue_restores__)

Allocating common symbols
Common symbol       size              file

__iob               0x6               /usr/local/Cellar/avr-gcc/4.6.1/lib/gcc/avr/4.6.1/../../../../avr/lib/avr5/libc.a(iob.o)

Memory Configuration

Name             Origin             Length             Attributes
text             0x0000000000000000 0x0000000000020000 xr
data             0x0000000000800060 0x000000000000ffa0 rw !x
eeprom           0x0000000000810000 0x0000000000010000 rw !x
*default*        0x0000000000000000 0xffffffffffffffff

Linker script and memory map

Address of section .data set to 0x800100
LOAD /usr/local/Cellar/avr-gcc/4.6.1/lib/gcc/avr/4.6.1/../../../../avr/lib/avr5/crtm328p.o
LOAD main.o
LOAD uart_async.o
LOAD /usr/local/Cellar/avr-gcc/4.6.1/lib/gcc/avr/4.6.1/../../../../avr/lib/avr5/libm.a
LOAD /usr/local/Cellar/avr-gcc/4.6.1/lib/gcc/avr/4.6.1/avr5/libgcc.a
LOAD /usr/local/Cellar/avr-gcc/4.6.1/lib/gcc/avr/4.6.1/../../../../avr/lib/avr5/libc.a
LOAD /usr/local/Cellar/avr-gcc/4.6.1/lib/gcc/avr/4.6.1/avr5/libgcc.a

.hash
 *(.hash)

.dynsym
 *(.dynsym)

.dynstr
 *(.dynstr)

.gnu.version
 *(.gnu.version)

.gnu.version_d
 *(.gnu.version_d)

.gnu.version_r
 *(.gnu.version_r)

.rel.init
 *(.rel.init)

.rela.init
 *(.rela.init)

.rel.text
 *(.rel.text)
 *(.rel.text.*)
 *(.rel.gnu.linkonce.t*)

.rela.text
 *(.rela.text)
 *(.rela.text.*)
 *(.rela.gnu.linkonce.t*)

.rel.fini
 *(.rel.fini)

.rela.fini
 *(.rela.fini)

.rel.rodata
 *(.rel.rodata)
 *(.rel.rodata.*)
 *(.rel.gnu.linkonce.r*)

.rela.rodata
 *(.rela.rodata)
 *(.rela.rodata.*)
 *(.rela.gnu.linkonce.r*)

.rel.data
 *(.rel.data)
 *(.rel.data.*)
 *(.rel.gnu.linkonce.d*)

.rela.data
 *(.rela.data)
 *(.rela.data.*)
 *(.rela.gnu.linkonce.d*)

.rel.ctors
 *(.rel.ctors)

.rela.ctors
 *(.rela.ctors)

.rel.dtors
 *(.rel.dtors)

.rela.dtors
 *(.rela.dtors)

.rel.got
 *(.rel.got)

.rela.got
 *(.rela.got)

.rel.bss
 *(.rel.bss)

.rela.bss
 *(.rela.bss)

.rel.plt
 *(.rel.plt)

.rela.plt
 *(.rela.plt)

.text           0x0000000000000000      0x9c8
 *(.vectors)
 .vectors       0x0000000000000000       0x68 /usr/local/Cellar/avr-gcc/4.6.1/lib/gcc/avr/4.6.1/../../../../avr/lib/avr5/crtm328p.o
                0x0000000000000000                __vectors
                0x0000000000000000                __vector_default
 *(.vectors)
 *(.progmem.gcc*)
 *(.progmem*)
                0x0000000000000068                . = ALIGN (0x2)
                0x0000000000000068                __trampolines_start = .
 *(.trampolines)
 .trampolines   0x0000000000000068        0x0 linker stubs
 *(.trampolines*)
                0x0000000000000068                __trampolines_end = .
 *(.jumptables)
 *(.jumptables*)
 *(.lowtext)
 *(.lowtext*)
                0x0000000000000068                __ctors_start = .
 *(.ctors)
                0x0000000000000068                __ctors_end = .
                0x0000000000000068                __dtors_start = .
 *(.dtors)
                0x0000000000000068                __dtors_end = .
 SORT(*)(.ctors)
 SORT(*)(.dtors)
 *(.init0)
 .init0         0x0000000000000068        0x0 /usr/local/Cellar/avr-gcc/4.6.1/lib/gcc/avr/4.6.1/../../../../avr/lib/avr5/crtm328p.o
                0x0000000000000068                __init
 *(.init0)
 *(.init1)
 *(.init1)
 *(.init2)
 .init2         0x0000000000000068        0xc /usr/local/Cellar/avr-gcc/4.6.1/lib/gcc/avr/4.6.1/../../../../avr/lib/avr5/crtm328p.o
 *(.init2)
 *(.init3)
 *(.init3)
 *(.init4)
 .init4         0x0000000000000074       0x16 /usr/local/Cellar/avr-gcc/4.6.1/lib/gcc/avr/4.6.1/avr5/libgcc.a(_copy_data.o)
                0x0000000000000074                __do_copy_data
 .init4         0x000000000000008a       0x10 /usr/local/Cellar/avr-gcc/4.6.1/lib/gcc/avr/4.6.1/avr5/libgcc.a(_clear_bss.o)
                0x000000000000008a                __do_clear_bss
 *(.init4)
 *(.init5)
 *(.init5)
 *(.init6)
 *(.init6)
 *(.init7)
 *(.init7)
 *(.init8)
 *(.init8)
 *(.init9)
 .init9         0x000000000000009a        0x8 /usr/local/Cellar/avr-gcc/4.6.1/lib/gcc/avr/4.6.1/../../../../avr/lib/avr5/crtm328p.o
 *(.init9)
 *(.text)
 .text          0x00000000000000a2        0x4 /usr/local/Cellar/avr-gcc/4.6.1/lib/gcc/avr/4.6.1/../../../../avr/lib/avr5/crtm328p.o
                0x00000000000000a2                __vector_20
                0x00000000000000a2                __vector_1
                0x00000000000000a2                __vector_24
                0x00000000000000a2                __vector_12
                0x00000000000000a2                __bad_interrupt
                0x00000000000000a2                __vector_6
                0x00000000000000a2                __vector_3
                0x00000000000000a2                __vector_23
                0x00000000000000a2                __vector_25
                0x00000000000000a2                __vector_11
                0x00000000000000a2                __vector_13
                0x00000000000000a2                __vector_17
                0x00000000000000a2                __vector_7
                0x00000000000000a2                __vector_5
                0x00000000000000a2                __vector_4
                0x00000000000000a2                __vector_9
                0x00000000000000a2                __vector_2
                0x00000000000000a2                __vector_21
                0x00000000000000a2                __vector_15
                0x00000000000000a2                __vector_8
                0x00000000000000a2                __vector_14
                0x00000000000000a2                __vector_10
                0x00000000000000a2                __vector_16
                0x00000000000000a2                __vector_22
 .text          0x00000000000000a6       0x30 main.o
                0x00000000000000a6                shift_out
 .text          0x00000000000000d6      0x1c0 uart_async.o
                0x00000000000000d6                uart_init
                0x0000000000000110                uart_putchar
                0x0000000000000168                uart_getchar
                0x0000000000000192                __vector_18
                0x0000000000000212                __vector_19
 .text          0x0000000000000296        0x0 /usr/local/Cellar/avr-gcc/4.6.1/lib/gcc/avr/4.6.1/avr5/libgcc.a(_divmodhi4.o)
 .text          0x0000000000000296        0x0 /usr/local/Cellar/avr-gcc/4.6.1/lib/gcc/avr/4.6.1/avr5/libgcc.a(_exit.o)
 .text          0x0000000000000296        0x0 /usr/local/Cellar/avr-gcc/4.6.1/lib/gcc/avr/4.6.1/avr5/libgcc.a(_copy_data.o)
 .text          0x0000000000000296        0x0 /usr/local/Cellar/avr-gcc/4.6.1/lib/gcc/avr/4.6.1/avr5/libgcc.a(_clear_bss.o)
 .text          0x0000000000000296        0x0 /usr/local/Cellar/avr-gcc/4.6.1/lib/gcc/avr/4.6.1/avr5/libgcc.a(_udivmodhi4.o)
 .text          0x0000000000000296        0x0 /usr/local/Cellar/avr-gcc/4.6.1/lib/gcc/avr/4.6.1/../../../../avr/lib/avr5/libc.a(itoa.o)
 .text          0x0000000000000296        0x0 /usr/local/Cellar/avr-gcc/4.6.1/lib/gcc/avr/4.6.1/../../../../avr/lib/avr5/libc.a(iob.o)
 .text          0x0000000000000296        0x0 /usr/local/Cellar/avr-gcc/4.6.1/lib/gcc/avr/4.6.1/../../../../avr/lib/avr5/libc.a(printf.o)
 .text          0x0000000000000296        0x0 /usr/local/Cellar/avr-gcc/4.6.1/lib/gcc/avr/4.6.1/../../../../avr/lib/avr5/libc.a(vfprintf_std.o)
 .text          0x0000000000000296        0x0 /usr/local/Cellar/avr-gcc/4.6.1/lib/gcc/avr/4.6.1/../../../../avr/lib/avr5/libc.a(strnlen_P.o)
 .text          0x0000000000000296        0x0 /usr/local/Cellar/avr-gcc/4.6.1/lib/gcc/avr/4.6.1/../../../../avr/lib/avr5/libc.a(strnlen.o)
 .text          0x0000000000000296        0x0 /usr/local/Cellar/avr-gcc/4.6.1/lib/gcc/avr/4.6.1/../../../../avr/lib/avr5/libc.a(strrev.o)
 .text          0x0000000000000296        0x0 /usr/local/Cellar/avr-gcc/4.6.1/lib/gcc/avr/4.6.1/../../../../avr/lib/avr5/libc.a(fputc.o)
 .text          0x0000000000000296        0x0 /usr/local/Cellar/avr-gcc/4.6.1/lib/gcc/avr/4.6.1/../../../../avr/lib/avr5/libc.a(ultoa_invert.o)
 .text          0x0000000000000296        0x0 /usr/local/Cellar/avr-gcc/4.6.1/lib/gcc/avr/4.6.1/avr5/libgcc.a(_prologue.o)
 .text          0x0000000000000296        0x0 /usr/local/Cellar/avr-gcc/4.6.1/lib/gcc/avr/4.6.1/avr5/libgcc.a(_epilogue.o)
                0x0000000000000296                . = ALIGN (0x2)
 *(.text.*)
 .text.startup  0x0000000000000296       0xe6 main.o
                0x0000000000000296                main
 .text.libgcc   0x000000000000037c       0x26 /usr/local/Cellar/avr-gcc/4.6.1/lib/gcc/avr/4.6.1/avr5/libgcc.a(_divmodhi4.o)
                0x000000000000037c                __divmodhi4
                0x000000000000037c                _div
 .text.libgcc   0x00000000000003a2        0x0 /usr/local/Cellar/avr-gcc/4.6.1/lib/gcc/avr/4.6.1/avr5/libgcc.a(_exit.o)
 .text.libgcc   0x00000000000003a2        0x0 /usr/local/Cellar/avr-gcc/4.6.1/lib/gcc/avr/4.6.1/avr5/libgcc.a(_copy_data.o)
 .text.libgcc   0x00000000000003a2        0x0 /usr/local/Cellar/avr-gcc/4.6.1/lib/gcc/avr/4.6.1/avr5/libgcc.a(_clear_bss.o)
 .text.libgcc   0x00000000000003a2       0x28 /usr/local/Cellar/avr-gcc/4.6.1/lib/gcc/avr/4.6.1/avr5/libgcc.a(_udivmodhi4.o)
                0x00000000000003a2                __udivmodhi4
 .text.avr-libc
                0x00000000000003ca       0x42 /usr/local/Cellar/avr-gcc/4.6.1/lib/gcc/avr/4.6.1/../../../../avr/lib/avr5/libc.a(itoa.o)
                0x00000000000003ca                itoa
 .text.avr-libc
                0x000000000000040c       0x2a /usr/local/Cellar/avr-gcc/4.6.1/lib/gcc/avr/4.6.1/../../../../avr/lib/avr5/libc.a(printf.o)
                0x000000000000040c                printf
 .text.avr-libc
                0x0000000000000436      0x3c0 /usr/local/Cellar/avr-gcc/4.6.1/lib/gcc/avr/4.6.1/../../../../avr/lib/avr5/libc.a(vfprintf_std.o)
                0x0000000000000436                vfprintf
 .text.avr-libc
                0x00000000000007f6       0x16 /usr/local/Cellar/avr-gcc/4.6.1/lib/gcc/avr/4.6.1/../../../../avr/lib/avr5/libc.a(strnlen_P.o)
                0x00000000000007f6                strnlen_P
 .text.avr-libc
                0x000000000000080c       0x16 /usr/local/Cellar/avr-gcc/4.6.1/lib/gcc/avr/4.6.1/../../../../avr/lib/avr5/libc.a(strnlen.o)
                0x000000000000080c                strnlen
 .text.avr-libc
                0x0000000000000822       0x20 /usr/local/Cellar/avr-gcc/4.6.1/lib/gcc/avr/4.6.1/../../../../avr/lib/avr5/libc.a(strrev.o)
                0x0000000000000822                strrev
 .text.avr-libc
                0x0000000000000842       0x58 /usr/local/Cellar/avr-gcc/4.6.1/lib/gcc/avr/4.6.1/../../../../avr/lib/avr5/libc.a(fputc.o)
                0x0000000000000842                fputc
 .text.avr-libc
                0x000000000000089a       0xbc /usr/local/Cellar/avr-gcc/4.6.1/lib/gcc/avr/4.6.1/../../../../avr/lib/avr5/libc.a(ultoa_invert.o)
                0x000000000000089a                __ultoa_invert
 .text.libgcc   0x0000000000000956       0x38 /usr/local/Cellar/avr-gcc/4.6.1/lib/gcc/avr/4.6.1/avr5/libgcc.a(_prologue.o)
                0x0000000000000956                __prologue_saves__
 .text.libgcc   0x000000000000098e       0x36 /usr/local/Cellar/avr-gcc/4.6.1/lib/gcc/avr/4.6.1/avr5/libgcc.a(_epilogue.o)
                0x000000000000098e                __epilogue_restores__
                0x00000000000009c4                . = ALIGN (0x2)
 *(.fini9)
 .fini9         0x00000000000009c4        0x0 /usr/local/Cellar/avr-gcc/4.6.1/lib/gcc/avr/4.6.1/avr5/libgcc.a(_exit.o)
                0x00000000000009c4                exit
                0x00000000000009c4                _exit
 *(.fini9)
 *(.fini8)
 *(.fini8)
 *(.fini7)
 *(.fini7)
 *(.fini6)
 *(.fini6)
 *(.fini5)
 *(.fini5)
 *(.fini4)
 *(.fini4)
 *(.fini3)
 *(.fini3)
 *(.fini2)
 *(.fini2)
 *(.fini1)
 *(.fini1)
 *(.fini0)
 .fini0         0x00000000000009c4        0x4 /usr/local/Cellar/avr-gcc/4.6.1/lib/gcc/avr/4.6.1/avr5/libgcc.a(_exit.o)
 *(.fini0)
                0x00000000000009c8                _etext = .

.data           0x0000000000800100       0x24 load address 0x00000000000009c8
                0x0000000000800100                PROVIDE (__data_start, .)
 *(.data)
 .data          0x0000000000800100        0x0 /usr/local/Cellar/avr-gcc/4.6.1/lib/gcc/avr/4.6.1/../../../../avr/lib/avr5/crtm328p.o
 .data          0x0000000000800100       0x24 main.o
                0x0000000000800108                uart_input
                0x0000000000800116                uart_output
 .data          0x0000000000800124        0x0 uart_async.o
 .data          0x0000000000800124        0x0 /usr/local/Cellar/avr-gcc/4.6.1/lib/gcc/avr/4.6.1/avr5/libgcc.a(_divmodhi4.o)
 .data          0x0000000000800124        0x0 /usr/local/Cellar/avr-gcc/4.6.1/lib/gcc/avr/4.6.1/avr5/libgcc.a(_exit.o)
 .data          0x0000000000800124        0x0 /usr/local/Cellar/avr-gcc/4.6.1/lib/gcc/avr/4.6.1/avr5/libgcc.a(_copy_data.o)
 .data          0x0000000000800124        0x0 /usr/local/Cellar/avr-gcc/4.6.1/lib/gcc/avr/4.6.1/avr5/libgcc.a(_clear_bss.o)
 .data          0x0000000000800124        0x0 /usr/local/Cellar/avr-gcc/4.6.1/lib/gcc/avr/4.6.1/avr5/libgcc.a(_udivmodhi4.o)
 .data          0x0000000000800124        0x0 /usr/local/Cellar/avr-gcc/4.6.1/lib/gcc/avr/4.6.1/../../../../avr/lib/avr5/libc.a(itoa.o)
 .data          0x0000000000800124        0x0 /usr/local/Cellar/avr-gcc/4.6.1/lib/gcc/avr/4.6.1/../../../../avr/lib/avr5/libc.a(iob.o)
 .data          0x0000000000800124        0x0 /usr/local/Cellar/avr-gcc/4.6.1/lib/gcc/avr/4.6.1/../../../../avr/lib/avr5/libc.a(printf.o)
 .data          0x0000000000800124        0x0 /usr/local/Cellar/avr-gcc/4.6.1/lib/gcc/avr/4.6.1/../../../../avr/lib/avr5/libc.a(vfprintf_std.o)
 .data          0x0000000000800124        0x0 /usr/local/Cellar/avr-gcc/4.6.1/lib/gcc/avr/4.6.1/../../../../avr/lib/avr5/libc.a(strnlen_P.o)
 .data          0x0000000000800124        0x0 /usr/local/Cellar/avr-gcc/4.6.1/lib/gcc/avr/4.6.1/../../../../avr/lib/avr5/libc.a(strnlen.o)
 .data          0x0000000000800124        0x0 /usr/local/Cellar/avr-gcc/4.6.1/lib/gcc/avr/4.6.1/../../../../avr/lib/avr5/libc.a(strrev.o)
 .data          0x0000000000800124        0x0 /usr/local/Cellar/avr-gcc/4.6.1/lib/gcc/avr/4.6.1/../../../../avr/lib/avr5/libc.a(fputc.o)
 .data          0x0000000000800124        0x0 /usr/local/Cellar/avr-gcc/4.6.1/lib/gcc/avr/4.6.1/../../../../avr/lib/avr5/libc.a(ultoa_invert.o)
 .data          0x0000000000800124        0x0 /usr/local/Cellar/avr-gcc/4.6.1/lib/gcc/avr/4.6.1/avr5/libgcc.a(_prologue.o)
 .data          0x0000000000800124        0x0 /usr/local/Cellar/avr-gcc/4.6.1/lib/gcc/avr/4.6.1/avr5/libgcc.a(_epilogue.o)
 *(.data*)
 *(.rodata)
 *(.rodata*)
 *(.gnu.linkonce.d*)
                0x0000000000800124                . = ALIGN (0x2)
                0x0000000000800124                _edata = .
                0x0000000000800124                PROVIDE (__data_end, .)

.bss            0x0000000000800124      0x44e
                0x0000000000800124                PROVIDE (__bss_start, .)
 *(.bss)
 .bss           0x0000000000800124        0x0 /usr/local/Cellar/avr-gcc/4.6.1/lib/gcc/avr/4.6.1/../../../../avr/lib/avr5/crtm328p.o
 .bss           0x0000000000800124        0x0 main.o
 .bss           0x0000000000800124      0x448 uart_async.o
 .bss           0x000000000080056c        0x0 /usr/local/Cellar/avr-gcc/4.6.1/lib/gcc/avr/4.6.1/avr5/libgcc.a(_divmodhi4.o)
 .bss           0x000000000080056c        0x0 /usr/local/Cellar/avr-gcc/4.6.1/lib/gcc/avr/4.6.1/avr5/libgcc.a(_exit.o)
 .bss           0x000000000080056c        0x0 /usr/local/Cellar/avr-gcc/4.6.1/lib/gcc/avr/4.6.1/avr5/libgcc.a(_copy_data.o)
 .bss           0x000000000080056c        0x0 /usr/local/Cellar/avr-gcc/4.6.1/lib/gcc/avr/4.6.1/avr5/libgcc.a(_clear_bss.o)
 .bss           0x000000000080056c        0x0 /usr/local/Cellar/avr-gcc/4.6.1/lib/gcc/avr/4.6.1/avr5/libgcc.a(_udivmodhi4.o)
 .bss           0x000000000080056c        0x0 /usr/local/Cellar/avr-gcc/4.6.1/lib/gcc/avr/4.6.1/../../../../avr/lib/avr5/libc.a(itoa.o)
 .bss           0x000000000080056c        0x0 /usr/local/Cellar/avr-gcc/4.6.1/lib/gcc/avr/4.6.1/../../../../avr/lib/avr5/libc.a(iob.o)
 .bss           0x000000000080056c        0x0 /usr/local/Cellar/avr-gcc/4.6.1/lib/gcc/avr/4.6.1/../../../../avr/lib/avr5/libc.a(printf.o)
 .bss           0x000000000080056c        0x0 /usr/local/Cellar/avr-gcc/4.6.1/lib/gcc/avr/4.6.1/../../../../avr/lib/avr5/libc.a(vfprintf_std.o)
 .bss           0x000000000080056c        0x0 /usr/local/Cellar/avr-gcc/4.6.1/lib/gcc/avr/4.6.1/../../../../avr/lib/avr5/libc.a(strnlen_P.o)
 .bss           0x000000000080056c        0x0 /usr/local/Cellar/avr-gcc/4.6.1/lib/gcc/avr/4.6.1/../../../../avr/lib/avr5/libc.a(strnlen.o)
 .bss           0x000000000080056c        0x0 /usr/local/Cellar/avr-gcc/4.6.1/lib/gcc/avr/4.6.1/../../../../avr/lib/avr5/libc.a(strrev.o)
 .bss           0x000000000080056c        0x0 /usr/local/Cellar/avr-gcc/4.6.1/lib/gcc/avr/4.6.1/../../../../avr/lib/avr5/libc.a(fputc.o)
 .bss           0x000000000080056c        0x0 /usr/local/Cellar/avr-gcc/4.6.1/lib/gcc/avr/4.6.1/../../../../avr/lib/avr5/libc.a(ultoa_invert.o)
 .bss           0x000000000080056c        0x0 /usr/local/Cellar/avr-gcc/4.6.1/lib/gcc/avr/4.6.1/avr5/libgcc.a(_prologue.o)
 .bss           0x000000000080056c        0x0 /usr/local/Cellar/avr-gcc/4.6.1/lib/gcc/avr/4.6.1/avr5/libgcc.a(_epilogue.o)
 *(.bss*)
 *(COMMON)
 COMMON         0x000000000080056c        0x6 /usr/local/Cellar/avr-gcc/4.6.1/lib/gcc/avr/4.6.1/../../../../avr/lib/avr5/libc.a(iob.o)
                0x000000000080056c                __iob
                0x0000000000800572                PROVIDE (__bss_end, .)
                0x00000000000009c8                __data_load_start = LOADADDR (.data)
                0x00000000000009ec                __data_load_end = (__data_load_start + SIZEOF (.data))

.noinit         0x0000000000800572        0x0
                0x0000000000800572                PROVIDE (__noinit_start, .)
 *(.noinit*)
                0x0000000000800572                PROVIDE (__noinit_end, .)
                0x0000000000800572                _end = .
                0x0000000000800572                PROVIDE (__heap_start, .)

.eeprom         0x0000000000810000        0x0
 *(.eeprom*)
                0x0000000000810000                __eeprom_end = .

.stab           0x0000000000000000      0xf0c
 *(.stab)
 .stab          0x0000000000000000      0x6cc /usr/local/Cellar/avr-gcc/4.6.1/lib/gcc/avr/4.6.1/../../../../avr/lib/avr5/crtm328p.o
 .stab          0x00000000000006cc      0x1b0 /usr/local/Cellar/avr-gcc/4.6.1/lib/gcc/avr/4.6.1/../../../../avr/lib/avr5/libc.a(itoa.o)
                                        0x1bc (size before relaxing)
 .stab          0x000000000000087c       0x9c /usr/local/Cellar/avr-gcc/4.6.1/lib/gcc/avr/4.6.1/../../../../avr/lib/avr5/libc.a(strnlen_P.o)
                                         0xa8 (size before relaxing)
 .stab          0x0000000000000918       0x9c /usr/local/Cellar/avr-gcc/4.6.1/lib/gcc/avr/4.6.1/../../../../avr/lib/avr5/libc.a(strnlen.o)
                                         0xa8 (size before relaxing)
 .stab          0x00000000000009b4       0xd8 /usr/local/Cellar/avr-gcc/4.6.1/lib/gcc/avr/4.6.1/../../../../avr/lib/avr5/libc.a(strrev.o)
                                         0xe4 (size before relaxing)
 .stab          0x0000000000000a8c      0x480 /usr/local/Cellar/avr-gcc/4.6.1/lib/gcc/avr/4.6.1/../../../../avr/lib/avr5/libc.a(ultoa_invert.o)
                                        0x48c (size before relaxing)

.stabstr        0x0000000000000000      0x257
 *(.stabstr)
 .stabstr       0x0000000000000000      0x257 /usr/local/Cellar/avr-gcc/4.6.1/lib/gcc/avr/4.6.1/../../../../avr/lib/avr5/crtm328p.o

.stab.excl
 *(.stab.excl)

.stab.exclstr
 *(.stab.exclstr)

.stab.index
 *(.stab.index)

.stab.indexstr
 *(.stab.indexstr)

.comment
 *(.comment)

.debug
 *(.debug)

.line
 *(.line)

.debug_srcinfo
 *(.debug_srcinfo)

.debug_sfnames
 *(.debug_sfnames)

.debug_aranges  0x0000000000000000      0x188
 *(.debug_aranges)
 .debug_aranges
                0x0000000000000000       0x28 main.o
 .debug_aranges
                0x0000000000000028       0x20 uart_async.o
 .debug_aranges
                0x0000000000000048       0x20 /usr/local/Cellar/avr-gcc/4.6.1/lib/gcc/avr/4.6.1/avr5/libgcc.a(_divmodhi4.o)
 .debug_aranges
                0x0000000000000068       0x20 /usr/local/Cellar/avr-gcc/4.6.1/lib/gcc/avr/4.6.1/avr5/libgcc.a(_exit.o)
 .debug_aranges
                0x0000000000000088       0x20 /usr/local/Cellar/avr-gcc/4.6.1/lib/gcc/avr/4.6.1/avr5/libgcc.a(_copy_data.o)
 .debug_aranges
                0x00000000000000a8       0x20 /usr/local/Cellar/avr-gcc/4.6.1/lib/gcc/avr/4.6.1/avr5/libgcc.a(_clear_bss.o)
 .debug_aranges
                0x00000000000000c8       0x20 /usr/local/Cellar/avr-gcc/4.6.1/lib/gcc/avr/4.6.1/avr5/libgcc.a(_udivmodhi4.o)
 .debug_aranges
                0x00000000000000e8       0x20 /usr/local/Cellar/avr-gcc/4.6.1/lib/gcc/avr/4.6.1/../../../../avr/lib/avr5/libc.a(printf.o)
 .debug_aranges
                0x0000000000000108       0x20 /usr/local/Cellar/avr-gcc/4.6.1/lib/gcc/avr/4.6.1/../../../../avr/lib/avr5/libc.a(vfprintf_std.o)
 .debug_aranges
                0x0000000000000128       0x20 /usr/local/Cellar/avr-gcc/4.6.1/lib/gcc/avr/4.6.1/../../../../avr/lib/avr5/libc.a(fputc.o)
 .debug_aranges
                0x0000000000000148       0x20 /usr/local/Cellar/avr-gcc/4.6.1/lib/gcc/avr/4.6.1/avr5/libgcc.a(_prologue.o)
 .debug_aranges
                0x0000000000000168       0x20 /usr/local/Cellar/avr-gcc/4.6.1/lib/gcc/avr/4.6.1/avr5/libgcc.a(_epilogue.o)

.debug_pubnames
 *(.debug_pubnames)

.debug_info     0x0000000000000000     0x1243
 *(.debug_info)
 .debug_info    0x0000000000000000      0x33d main.o
 .debug_info    0x000000000000033d      0x2d1 uart_async.o
 .debug_info    0x000000000000060e       0x9f /usr/local/Cellar/avr-gcc/4.6.1/lib/gcc/avr/4.6.1/avr5/libgcc.a(_divmodhi4.o)
 .debug_info    0x00000000000006ad       0x9f /usr/local/Cellar/avr-gcc/4.6.1/lib/gcc/avr/4.6.1/avr5/libgcc.a(_exit.o)
 .debug_info    0x000000000000074c       0x9f /usr/local/Cellar/avr-gcc/4.6.1/lib/gcc/avr/4.6.1/avr5/libgcc.a(_copy_data.o)
 .debug_info    0x00000000000007eb       0x9f /usr/local/Cellar/avr-gcc/4.6.1/lib/gcc/avr/4.6.1/avr5/libgcc.a(_clear_bss.o)
 .debug_info    0x000000000000088a       0x9f /usr/local/Cellar/avr-gcc/4.6.1/lib/gcc/avr/4.6.1/avr5/libgcc.a(_udivmodhi4.o)
 .debug_info    0x0000000000000929      0x153 /usr/local/Cellar/avr-gcc/4.6.1/lib/gcc/avr/4.6.1/../../../../avr/lib/avr5/libc.a(iob.o)
 .debug_info    0x0000000000000a7c      0x1ca /usr/local/Cellar/avr-gcc/4.6.1/lib/gcc/avr/4.6.1/../../../../avr/lib/avr5/libc.a(printf.o)
 .debug_info    0x0000000000000c46      0x354 /usr/local/Cellar/avr-gcc/4.6.1/lib/gcc/avr/4.6.1/../../../../avr/lib/avr5/libc.a(vfprintf_std.o)
 .debug_info    0x0000000000000f9a      0x16b /usr/local/Cellar/avr-gcc/4.6.1/lib/gcc/avr/4.6.1/../../../../avr/lib/avr5/libc.a(fputc.o)
 .debug_info    0x0000000000001105       0x9f /usr/local/Cellar/avr-gcc/4.6.1/lib/gcc/avr/4.6.1/avr5/libgcc.a(_prologue.o)
 .debug_info    0x00000000000011a4       0x9f /usr/local/Cellar/avr-gcc/4.6.1/lib/gcc/avr/4.6.1/avr5/libgcc.a(_epilogue.o)
 *(.gnu.linkonce.wi.*)

.debug_abbrev   0x0000000000000000      0x810
 *(.debug_abbrev)
 .debug_abbrev  0x0000000000000000      0x1f9 main.o
 .debug_abbrev  0x00000000000001f9      0x168 uart_async.o
 .debug_abbrev  0x0000000000000361       0x14 /usr/local/Cellar/avr-gcc/4.6.1/lib/gcc/avr/4.6.1/avr5/libgcc.a(_divmodhi4.o)
 .debug_abbrev  0x0000000000000375       0x14 /usr/local/Cellar/avr-gcc/4.6.1/lib/gcc/avr/4.6.1/avr5/libgcc.a(_exit.o)
 .debug_abbrev  0x0000000000000389       0x14 /usr/local/Cellar/avr-gcc/4.6.1/lib/gcc/avr/4.6.1/avr5/libgcc.a(_copy_data.o)
 .debug_abbrev  0x000000000000039d       0x14 /usr/local/Cellar/avr-gcc/4.6.1/lib/gcc/avr/4.6.1/avr5/libgcc.a(_clear_bss.o)
 .debug_abbrev  0x00000000000003b1       0x14 /usr/local/Cellar/avr-gcc/4.6.1/lib/gcc/avr/4.6.1/avr5/libgcc.a(_udivmodhi4.o)
 .debug_abbrev  0x00000000000003c5       0xc7 /usr/local/Cellar/avr-gcc/4.6.1/lib/gcc/avr/4.6.1/../../../../avr/lib/avr5/libc.a(iob.o)
 .debug_abbrev  0x000000000000048c      0x11e /usr/local/Cellar/avr-gcc/4.6.1/lib/gcc/avr/4.6.1/../../../../avr/lib/avr5/libc.a(printf.o)
 .debug_abbrev  0x00000000000005aa      0x163 /usr/local/Cellar/avr-gcc/4.6.1/lib/gcc/avr/4.6.1/../../../../avr/lib/avr5/libc.a(vfprintf_std.o)
 .debug_abbrev  0x000000000000070d       0xdb /usr/local/Cellar/avr-gcc/4.6.1/lib/gcc/avr/4.6.1/../../../../avr/lib/avr5/libc.a(fputc.o)
 .debug_abbrev  0x00000000000007e8       0x14 /usr/local/Cellar/avr-gcc/4.6.1/lib/gcc/avr/4.6.1/avr5/libgcc.a(_prologue.o)
 .debug_abbrev  0x00000000000007fc       0x14 /usr/local/Cellar/avr-gcc/4.6.1/lib/gcc/avr/4.6.1/avr5/libgcc.a(_epilogue.o)

.debug_line     0x0000000000000000      0x8dd
 *(.debug_line)
 .debug_line    0x0000000000000000      0x183 main.o
 .debug_line    0x0000000000000183       0xc4 uart_async.o
 .debug_line    0x0000000000000247       0x70 /usr/local/Cellar/avr-gcc/4.6.1/lib/gcc/avr/4.6.1/avr5/libgcc.a(_divmodhi4.o)
 .debug_line    0x00000000000002b7       0x5f /usr/local/Cellar/avr-gcc/4.6.1/lib/gcc/avr/4.6.1/avr5/libgcc.a(_exit.o)
 .debug_line    0x0000000000000316       0x68 /usr/local/Cellar/avr-gcc/4.6.1/lib/gcc/avr/4.6.1/avr5/libgcc.a(_copy_data.o)
 .debug_line    0x000000000000037e       0x65 /usr/local/Cellar/avr-gcc/4.6.1/lib/gcc/avr/4.6.1/avr5/libgcc.a(_clear_bss.o)
 .debug_line    0x00000000000003e3       0x71 /usr/local/Cellar/avr-gcc/4.6.1/lib/gcc/avr/4.6.1/avr5/libgcc.a(_udivmodhi4.o)
 .debug_line    0x0000000000000454       0x62 /usr/local/Cellar/avr-gcc/4.6.1/lib/gcc/avr/4.6.1/../../../../avr/lib/avr5/libc.a(iob.o)
 .debug_line    0x00000000000004b6       0xbc /usr/local/Cellar/avr-gcc/4.6.1/lib/gcc/avr/4.6.1/../../../../avr/lib/avr5/libc.a(printf.o)
 .debug_line    0x0000000000000572      0x1fe /usr/local/Cellar/avr-gcc/4.6.1/lib/gcc/avr/4.6.1/../../../../avr/lib/avr5/libc.a(vfprintf_std.o)
 .debug_line    0x0000000000000770       0x7c /usr/local/Cellar/avr-gcc/4.6.1/lib/gcc/avr/4.6.1/../../../../avr/lib/avr5/libc.a(fputc.o)
 .debug_line    0x00000000000007ec       0x79 /usr/local/Cellar/avr-gcc/4.6.1/lib/gcc/avr/4.6.1/avr5/libgcc.a(_prologue.o)
 .debug_line    0x0000000000000865       0x78 /usr/local/Cellar/avr-gcc/4.6.1/lib/gcc/avr/4.6.1/avr5/libgcc.a(_epilogue.o)

.debug_frame    0x0000000000000000      0x1f4
 *(.debug_frame)
 .debug_frame   0x0000000000000000       0x4c main.o
 .debug_frame   0x000000000000004c       0xf8 uart_async.o
 .debug_frame   0x0000000000000144       0x2c /usr/local/Cellar/avr-gcc/4.6.1/lib/gcc/avr/4.6.1/../../../../avr/lib/avr5/libc.a(printf.o)
 .debug_frame   0x0000000000000170       0x4c /usr/local/Cellar/avr-gcc/4.6.1/lib/gcc/avr/4.6.1/../../../../avr/lib/avr5/libc.a(vfprintf_std.o)
 .debug_frame   0x00000000000001bc       0x38 /usr/local/Cellar/avr-gcc/4.6.1/lib/gcc/avr/4.6.1/../../../../avr/lib/avr5/libc.a(fputc.o)

.debug_str      0x0000000000000000      0x2e0
 *(.debug_str)
 .debug_str     0x0000000000000000      0x116 main.o
                                        0x159 (size before relaxing)
 .debug_str     0x0000000000000116       0x95 uart_async.o
                                        0x16e (size before relaxing)
 .debug_str     0x00000000000001ab       0x60 /usr/local/Cellar/avr-gcc/4.6.1/lib/gcc/avr/4.6.1/../../../../avr/lib/avr5/libc.a(iob.o)
                                        0x104 (size before relaxing)
 .debug_str     0x000000000000020b       0x3e /usr/local/Cellar/avr-gcc/4.6.1/lib/gcc/avr/4.6.1/../../../../avr/lib/avr5/libc.a(printf.o)
                                        0x137 (size before relaxing)
 .debug_str     0x0000000000000249       0x75 /usr/local/Cellar/avr-gcc/4.6.1/lib/gcc/avr/4.6.1/../../../../avr/lib/avr5/libc.a(vfprintf_std.o)
                                        0x189 (size before relaxing)
 .debug_str     0x00000000000002be       0x22 /usr/local/Cellar/avr-gcc/4.6.1/lib/gcc/avr/4.6.1/../../../../avr/lib/avr5/libc.a(fputc.o)
                                        0x10d (size before relaxing)

.debug_loc      0x0000000000000000      0x90c
 *(.debug_loc)
 .debug_loc     0x0000000000000000       0xbf main.o
 .debug_loc     0x00000000000000bf      0x277 uart_async.o
 .debug_loc     0x0000000000000336       0x21 /usr/local/Cellar/avr-gcc/4.6.1/lib/gcc/avr/4.6.1/../../../../avr/lib/avr5/libc.a(printf.o)
 .debug_loc     0x0000000000000357      0x51c /usr/local/Cellar/avr-gcc/4.6.1/lib/gcc/avr/4.6.1/../../../../avr/lib/avr5/libc.a(vfprintf_std.o)
 .debug_loc     0x0000000000000873       0x99 /usr/local/Cellar/avr-gcc/4.6.1/lib/gcc/avr/4.6.1/../../../../avr/lib/avr5/libc.a(fputc.o)

.debug_macinfo
 *(.debug_macinfo)
OUTPUT(main.elf elf32-avr)
LOAD linker stubs

.debug_ranges   0x0000000000000000       0x90
 .debug_ranges  0x0000000000000000       0x60 main.o
 .debug_ranges  0x0000000000000060       0x10 /usr/local/Cellar/avr-gcc/4.6.1/lib/gcc/avr/4.6.1/../../../../avr/lib/avr5/libc.a(printf.o)
 .debug_ranges  0x0000000000000070       0x10 /usr/local/Cellar/avr-gcc/4.6.1/lib/gcc/avr/4.6.1/../../../../avr/lib/avr5/libc.a(vfprintf_std.o)
 .debug_ranges  0x0000000000000080       0x10 /usr/local/Cellar/avr-gcc/4.6.1/lib/gcc/avr/4.6.1/../../../../avr/lib/avr5/libc.a(fputc.o)

Cross Reference Table

Symbol                                            File
__bad_interrupt                                   /usr/local/Cellar/avr-gcc/4.6.1/lib/gcc/avr/4.6.1/../../../../avr/lib/avr5/crtm328p.o
__bss_end                                         /usr/local/Cellar/avr-gcc/4.6.1/lib/gcc/avr/4.6.1/avr5/libgcc.a(_clear_bss.o)
__bss_start                                       /usr/local/Cellar/avr-gcc/4.6.1/lib/gcc/avr/4.6.1/avr5/libgcc.a(_clear_bss.o)
__data_end                                        /usr/local/Cellar/avr-gcc/4.6.1/lib/gcc/avr/4.6.1/avr5/libgcc.a(_copy_data.o)
__data_load_start                                 /usr/local/Cellar/avr-gcc/4.6.1/lib/gcc/avr/4.6.1/avr5/libgcc.a(_copy_data.o)
__data_start                                      /usr/local/Cellar/avr-gcc/4.6.1/lib/gcc/avr/4.6.1/avr5/libgcc.a(_copy_data.o)
__divmodhi4                                       /usr/local/Cellar/avr-gcc/4.6.1/lib/gcc/avr/4.6.1/avr5/libgcc.a(_divmodhi4.o)
                                                  uart_async.o
__do_clear_bss                                    /usr/local/Cellar/avr-gcc/4.6.1/lib/gcc/avr/4.6.1/avr5/libgcc.a(_clear_bss.o)
                                                  /usr/local/Cellar/avr-gcc/4.6.1/lib/gcc/avr/4.6.1/../../../../avr/lib/avr5/libc.a(fputc.o)
                                                  /usr/local/Cellar/avr-gcc/4.6.1/lib/gcc/avr/4.6.1/../../../../avr/lib/avr5/libc.a(vfprintf_std.o)
                                                  /usr/local/Cellar/avr-gcc/4.6.1/lib/gcc/avr/4.6.1/../../../../avr/lib/avr5/libc.a(printf.o)
                                                  /usr/local/Cellar/avr-gcc/4.6.1/lib/gcc/avr/4.6.1/../../../../avr/lib/avr5/libc.a(iob.o)
                                                  uart_async.o
                                                  main.o
__do_copy_data                                    /usr/local/Cellar/avr-gcc/4.6.1/lib/gcc/avr/4.6.1/avr5/libgcc.a(_copy_data.o)
                                                  /usr/local/Cellar/avr-gcc/4.6.1/lib/gcc/avr/4.6.1/../../../../avr/lib/avr5/libc.a(fputc.o)
                                                  /usr/local/Cellar/avr-gcc/4.6.1/lib/gcc/avr/4.6.1/../../../../avr/lib/avr5/libc.a(vfprintf_std.o)
                                                  /usr/local/Cellar/avr-gcc/4.6.1/lib/gcc/avr/4.6.1/../../../../avr/lib/avr5/libc.a(printf.o)
                                                  /usr/local/Cellar/avr-gcc/4.6.1/lib/gcc/avr/4.6.1/../../../../avr/lib/avr5/libc.a(iob.o)
                                                  uart_async.o
                                                  main.o
__epilogue_restores__                             /usr/local/Cellar/avr-gcc/4.6.1/lib/gcc/avr/4.6.1/avr5/libgcc.a(_epilogue.o)
                                                  /usr/local/Cellar/avr-gcc/4.6.1/lib/gcc/avr/4.6.1/../../../../avr/lib/avr5/libc.a(vfprintf_std.o)
                                                  /usr/local/Cellar/avr-gcc/4.6.1/lib/gcc/avr/4.6.1/../../../../avr/lib/avr5/libc.a(printf.o)
__heap_end                                        /usr/local/Cellar/avr-gcc/4.6.1/lib/gcc/avr/4.6.1/../../../../avr/lib/avr5/crtm328p.o
__init                                            /usr/local/Cellar/avr-gcc/4.6.1/lib/gcc/avr/4.6.1/../../../../avr/lib/avr5/crtm328p.o
__iob                                             /usr/local/Cellar/avr-gcc/4.6.1/lib/gcc/avr/4.6.1/../../../../avr/lib/avr5/libc.a(printf.o)
                                                  /usr/local/Cellar/avr-gcc/4.6.1/lib/gcc/avr/4.6.1/../../../../avr/lib/avr5/libc.a(iob.o)
                                                  main.o
__prologue_saves__                                /usr/local/Cellar/avr-gcc/4.6.1/lib/gcc/avr/4.6.1/avr5/libgcc.a(_prologue.o)
                                                  /usr/local/Cellar/avr-gcc/4.6.1/lib/gcc/avr/4.6.1/../../../../avr/lib/avr5/libc.a(vfprintf_std.o)
                                                  /usr/local/Cellar/avr-gcc/4.6.1/lib/gcc/avr/4.6.1/../../../../avr/lib/avr5/libc.a(printf.o)
__stack                                           /usr/local/Cellar/avr-gcc/4.6.1/lib/gcc/avr/4.6.1/../../../../avr/lib/avr5/crtm328p.o
__udivmodhi4                                      /usr/local/Cellar/avr-gcc/4.6.1/lib/gcc/avr/4.6.1/avr5/libgcc.a(_udivmodhi4.o)
                                                  /usr/local/Cellar/avr-gcc/4.6.1/lib/gcc/avr/4.6.1/../../../../avr/lib/avr5/libc.a(itoa.o)
                                                  /usr/local/Cellar/avr-gcc/4.6.1/lib/gcc/avr/4.6.1/avr5/libgcc.a(_divmodhi4.o)
__ultoa_invert                                    /usr/local/Cellar/avr-gcc/4.6.1/lib/gcc/avr/4.6.1/../../../../avr/lib/avr5/libc.a(ultoa_invert.o)
                                                  /usr/local/Cellar/avr-gcc/4.6.1/lib/gcc/avr/4.6.1/../../../../avr/lib/avr5/libc.a(vfprintf_std.o)
__vector_1                                        /usr/local/Cellar/avr-gcc/4.6.1/lib/gcc/avr/4.6.1/../../../../avr/lib/avr5/crtm328p.o
__vector_10                                       /usr/local/Cellar/avr-gcc/4.6.1/lib/gcc/avr/4.6.1/../../../../avr/lib/avr5/crtm328p.o
__vector_11                                       /usr/local/Cellar/avr-gcc/4.6.1/lib/gcc/avr/4.6.1/../../../../avr/lib/avr5/crtm328p.o
__vector_12                                       /usr/local/Cellar/avr-gcc/4.6.1/lib/gcc/avr/4.6.1/../../../../avr/lib/avr5/crtm328p.o
__vector_13                                       /usr/local/Cellar/avr-gcc/4.6.1/lib/gcc/avr/4.6.1/../../../../avr/lib/avr5/crtm328p.o
__vector_14                                       /usr/local/Cellar/avr-gcc/4.6.1/lib/gcc/avr/4.6.1/../../../../avr/lib/avr5/crtm328p.o
__vector_15                                       /usr/local/Cellar/avr-gcc/4.6.1/lib/gcc/avr/4.6.1/../../../../avr/lib/avr5/crtm328p.o
__vector_16                                       /usr/local/Cellar/avr-gcc/4.6.1/lib/gcc/avr/4.6.1/../../../../avr/lib/avr5/crtm328p.o
__vector_17                                       /usr/local/Cellar/avr-gcc/4.6.1/lib/gcc/avr/4.6.1/../../../../avr/lib/avr5/crtm328p.o
__vector_18                                       uart_async.o
                                                  /usr/local/Cellar/avr-gcc/4.6.1/lib/gcc/avr/4.6.1/../../../../avr/lib/avr5/crtm328p.o
__vector_19                                       uart_async.o
                                                  /usr/local/Cellar/avr-gcc/4.6.1/lib/gcc/avr/4.6.1/../../../../avr/lib/avr5/crtm328p.o
__vector_2                                        /usr/local/Cellar/avr-gcc/4.6.1/lib/gcc/avr/4.6.1/../../../../avr/lib/avr5/crtm328p.o
__vector_20                                       /usr/local/Cellar/avr-gcc/4.6.1/lib/gcc/avr/4.6.1/../../../../avr/lib/avr5/crtm328p.o
__vector_21                                       /usr/local/Cellar/avr-gcc/4.6.1/lib/gcc/avr/4.6.1/../../../../avr/lib/avr5/crtm328p.o
__vector_22                                       /usr/local/Cellar/avr-gcc/4.6.1/lib/gcc/avr/4.6.1/../../../../avr/lib/avr5/crtm328p.o
__vector_23                                       /usr/local/Cellar/avr-gcc/4.6.1/lib/gcc/avr/4.6.1/../../../../avr/lib/avr5/crtm328p.o
__vector_24                                       /usr/local/Cellar/avr-gcc/4.6.1/lib/gcc/avr/4.6.1/../../../../avr/lib/avr5/crtm328p.o
__vector_25                                       /usr/local/Cellar/avr-gcc/4.6.1/lib/gcc/avr/4.6.1/../../../../avr/lib/avr5/crtm328p.o
__vector_3                                        /usr/local/Cellar/avr-gcc/4.6.1/lib/gcc/avr/4.6.1/../../../../avr/lib/avr5/crtm328p.o
__vector_4                                        /usr/local/Cellar/avr-gcc/4.6.1/lib/gcc/avr/4.6.1/../../../../avr/lib/avr5/crtm328p.o
__vector_5                                        /usr/local/Cellar/avr-gcc/4.6.1/lib/gcc/avr/4.6.1/../../../../avr/lib/avr5/crtm328p.o
__vector_6                                        /usr/local/Cellar/avr-gcc/4.6.1/lib/gcc/avr/4.6.1/../../../../avr/lib/avr5/crtm328p.o
__vector_7                                        /usr/local/Cellar/avr-gcc/4.6.1/lib/gcc/avr/4.6.1/../../../../avr/lib/avr5/crtm328p.o
__vector_8                                        /usr/local/Cellar/avr-gcc/4.6.1/lib/gcc/avr/4.6.1/../../../../avr/lib/avr5/crtm328p.o
__vector_9                                        /usr/local/Cellar/avr-gcc/4.6.1/lib/gcc/avr/4.6.1/../../../../avr/lib/avr5/crtm328p.o
__vector_default                                  /usr/local/Cellar/avr-gcc/4.6.1/lib/gcc/avr/4.6.1/../../../../avr/lib/avr5/crtm328p.o
__vectors                                         /usr/local/Cellar/avr-gcc/4.6.1/lib/gcc/avr/4.6.1/../../../../avr/lib/avr5/crtm328p.o
_div                                              /usr/local/Cellar/avr-gcc/4.6.1/lib/gcc/avr/4.6.1/avr5/libgcc.a(_divmodhi4.o)
_exit                                             /usr/local/Cellar/avr-gcc/4.6.1/lib/gcc/avr/4.6.1/avr5/libgcc.a(_exit.o)
exit                                              /usr/local/Cellar/avr-gcc/4.6.1/lib/gcc/avr/4.6.1/avr5/libgcc.a(_exit.o)
                                                  /usr/local/Cellar/avr-gcc/4.6.1/lib/gcc/avr/4.6.1/../../../../avr/lib/avr5/crtm328p.o
fputc                                             /usr/local/Cellar/avr-gcc/4.6.1/lib/gcc/avr/4.6.1/../../../../avr/lib/avr5/libc.a(fputc.o)
                                                  /usr/local/Cellar/avr-gcc/4.6.1/lib/gcc/avr/4.6.1/../../../../avr/lib/avr5/libc.a(vfprintf_std.o)
itoa                                              /usr/local/Cellar/avr-gcc/4.6.1/lib/gcc/avr/4.6.1/../../../../avr/lib/avr5/libc.a(itoa.o)
                                                  main.o
main                                              main.o
                                                  /usr/local/Cellar/avr-gcc/4.6.1/lib/gcc/avr/4.6.1/../../../../avr/lib/avr5/crtm328p.o
printf                                            /usr/local/Cellar/avr-gcc/4.6.1/lib/gcc/avr/4.6.1/../../../../avr/lib/avr5/libc.a(printf.o)
                                                  main.o
shift_out                                         main.o
strnlen                                           /usr/local/Cellar/avr-gcc/4.6.1/lib/gcc/avr/4.6.1/../../../../avr/lib/avr5/libc.a(strnlen.o)
                                                  /usr/local/Cellar/avr-gcc/4.6.1/lib/gcc/avr/4.6.1/../../../../avr/lib/avr5/libc.a(vfprintf_std.o)
strnlen_P                                         /usr/local/Cellar/avr-gcc/4.6.1/lib/gcc/avr/4.6.1/../../../../avr/lib/avr5/libc.a(strnlen_P.o)
                                                  /usr/local/Cellar/avr-gcc/4.6.1/lib/gcc/avr/4.6.1/../../../../avr/lib/avr5/libc.a(vfprintf_std.o)
strrev                                            /usr/local/Cellar/avr-gcc/4.6.1/lib/gcc/avr/4.6.1/../../../../avr/lib/avr5/libc.a(strrev.o)
                                                  /usr/local/Cellar/avr-gcc/4.6.1/lib/gcc/avr/4.6.1/../../../../avr/lib/avr5/libc.a(itoa.o)
uart_getchar                                      uart_async.o
                                                  main.o
uart_init                                         uart_async.o
                                                  main.o
uart_input                                        main.o
uart_output                                       main.o
uart_putchar                                      uart_async.o
                                                  main.o
vfprintf                                          /usr/local/Cellar/avr-gcc/4.6.1/lib/gcc/avr/4.6.1/../../../../avr/lib/avr5/libc.a(vfprintf_std.o)
                                                  /usr/local/Cellar/avr-gcc/4.6.1/lib/gcc/avr/4.6.1/../../../../avr/lib/avr5/libc.a(printf.o)
