Archive member included because of file (symbol)

/usr/local/Cellar/avr-gcc/4.6.1/lib/gcc/avr/4.6.1/avr5/libgcc.a(_divmodhi4.o)
                              uart_async.o (__divmodhi4)
/usr/local/Cellar/avr-gcc/4.6.1/lib/gcc/avr/4.6.1/avr5/libgcc.a(_exit.o)
                              /usr/local/Cellar/avr-gcc/4.6.1/lib/gcc/avr/4.6.1/../../../../avr/lib/avr5/crtm328p.o (exit)
/usr/local/Cellar/avr-gcc/4.6.1/lib/gcc/avr/4.6.1/avr5/libgcc.a(_copy_data.o)
                              main.o (__do_copy_data)
/usr/local/Cellar/avr-gcc/4.6.1/lib/gcc/avr/4.6.1/avr5/libgcc.a(_clear_bss.o)
                              main.o (__do_clear_bss)
/usr/local/Cellar/avr-gcc/4.6.1/lib/gcc/avr/4.6.1/avr5/libgcc.a(_udivmodhi4.o)
                              /usr/local/Cellar/avr-gcc/4.6.1/lib/gcc/avr/4.6.1/avr5/libgcc.a(_divmodhi4.o) (__udivmodhi4)
/usr/local/Cellar/avr-gcc/4.6.1/lib/gcc/avr/4.6.1/../../../../avr/lib/avr5/libc.a(itoa.o)
                              main.o (itoa)
/usr/local/Cellar/avr-gcc/4.6.1/lib/gcc/avr/4.6.1/../../../../avr/lib/avr5/libc.a(iob.o)
                              main.o (__iob)
/usr/local/Cellar/avr-gcc/4.6.1/lib/gcc/avr/4.6.1/../../../../avr/lib/avr5/libc.a(printf.o)
                              main.o (printf)
/usr/local/Cellar/avr-gcc/4.6.1/lib/gcc/avr/4.6.1/../../../../avr/lib/avr5/libc.a(vfprintf_std.o)
                              /usr/local/Cellar/avr-gcc/4.6.1/lib/gcc/avr/4.6.1/../../../../avr/lib/avr5/libc.a(printf.o) (vfprintf)
/usr/local/Cellar/avr-gcc/4.6.1/lib/gcc/avr/4.6.1/../../../../avr/lib/avr5/libc.a(strnlen_P.o)
                              /usr/local/Cellar/avr-gcc/4.6.1/lib/gcc/avr/4.6.1/../../../../avr/lib/avr5/libc.a(vfprintf_std.o) (strnlen_P)
/usr/local/Cellar/avr-gcc/4.6.1/lib/gcc/avr/4.6.1/../../../../avr/lib/avr5/libc.a(strnlen.o)
                              /usr/local/Cellar/avr-gcc/4.6.1/lib/gcc/avr/4.6.1/../../../../avr/lib/avr5/libc.a(vfprintf_std.o) (strnlen)
/usr/local/Cellar/avr-gcc/4.6.1/lib/gcc/avr/4.6.1/../../../../avr/lib/avr5/libc.a(strrev.o)
                              /usr/local/Cellar/avr-gcc/4.6.1/lib/gcc/avr/4.6.1/../../../../avr/lib/avr5/libc.a(itoa.o) (strrev)
/usr/local/Cellar/avr-gcc/4.6.1/lib/gcc/avr/4.6.1/../../../../avr/lib/avr5/libc.a(fputc.o)
                              /usr/local/Cellar/avr-gcc/4.6.1/lib/gcc/avr/4.6.1/../../../../avr/lib/avr5/libc.a(vfprintf_std.o) (fputc)
/usr/local/Cellar/avr-gcc/4.6.1/lib/gcc/avr/4.6.1/../../../../avr/lib/avr5/libc.a(ultoa_invert.o)
                              /usr/local/Cellar/avr-gcc/4.6.1/lib/gcc/avr/4.6.1/../../../../avr/lib/avr5/libc.a(vfprintf_std.o) (__ultoa_invert)
/usr/local/Cellar/avr-gcc/4.6.1/lib/gcc/avr/4.6.1/avr5/libgcc.a(_prologue.o)
                              /usr/local/Cellar/avr-gcc/4.6.1/lib/gcc/avr/4.6.1/../../../../avr/lib/avr5/libc.a(printf.o) (__prologue_saves__)
/usr/local/Cellar/avr-gcc/4.6.1/lib/gcc/avr/4.6.1/avr5/libgcc.a(_epilogue.o)
                              /usr/local/Cellar/avr-gcc/4.6.1/lib/gcc/avr/4.6.1/../../../../avr/lib/avr5/libc.a(printf.o) (__epilogue_restores__)

Allocating common symbols
Common symbol       size              file

__iob               0x6               /usr/local/Cellar/avr-gcc/4.6.1/lib/gcc/avr/4.6.1/../../../../avr/lib/avr5/libc.a(iob.o)

Memory Configuration

Name             Origin             Length             Attributes
text             0x0000000000000000 0x0000000000020000 xr
data             0x0000000000800060 0x000000000000ffa0 rw !x
eeprom           0x0000000000810000 0x0000000000010000 rw !x
*default*        0x0000000000000000 0xffffffffffffffff

Linker script and memory map

Address of section .data set to 0x800100
LOAD /usr/local/Cellar/avr-gcc/4.6.1/lib/gcc/avr/4.6.1/../../../../avr/lib/avr5/crtm328p.o
LOAD main.o
LOAD uart_async.o
LOAD spi.o
LOAD /usr/local/Cellar/avr-gcc/4.6.1/lib/gcc/avr/4.6.1/../../../../avr/lib/avr5/libm.a
LOAD /usr/local/Cellar/avr-gcc/4.6.1/lib/gcc/avr/4.6.1/avr5/libgcc.a
LOAD /usr/local/Cellar/avr-gcc/4.6.1/lib/gcc/avr/4.6.1/../../../../avr/lib/avr5/libc.a
LOAD /usr/local/Cellar/avr-gcc/4.6.1/lib/gcc/avr/4.6.1/avr5/libgcc.a

.hash
 *(.hash)

.dynsym
 *(.dynsym)

.dynstr
 *(.dynstr)

.gnu.version
 *(.gnu.version)

.gnu.version_d
 *(.gnu.version_d)

.gnu.version_r
 *(.gnu.version_r)

.rel.init
 *(.rel.init)

.rela.init
 *(.rela.init)

.rel.text
 *(.rel.text)
 *(.rel.text.*)
 *(.rel.gnu.linkonce.t*)

.rela.text
 *(.rela.text)
 *(.rela.text.*)
 *(.rela.gnu.linkonce.t*)

.rel.fini
 *(.rel.fini)

.rela.fini
 *(.rela.fini)

.rel.rodata
 *(.rel.rodata)
 *(.rel.rodata.*)
 *(.rel.gnu.linkonce.r*)

.rela.rodata
 *(.rela.rodata)
 *(.rela.rodata.*)
 *(.rela.gnu.linkonce.r*)

.rel.data
 *(.rel.data)
 *(.rel.data.*)
 *(.rel.gnu.linkonce.d*)

.rela.data
 *(.rela.data)
 *(.rela.data.*)
 *(.rela.gnu.linkonce.d*)

.rel.ctors
 *(.rel.ctors)

.rela.ctors
 *(.rela.ctors)

.rel.dtors
 *(.rel.dtors)

.rela.dtors
 *(.rela.dtors)

.rel.got
 *(.rel.got)

.rela.got
 *(.rela.got)

.rel.bss
 *(.rel.bss)

.rela.bss
 *(.rela.bss)

.rel.plt
 *(.rel.plt)

.rela.plt
 *(.rela.plt)

.text           0x0000000000000000      0x9d6
 *(.vectors)
 .vectors       0x0000000000000000       0x68 /usr/local/Cellar/avr-gcc/4.6.1/lib/gcc/avr/4.6.1/../../../../avr/lib/avr5/crtm328p.o
                0x0000000000000000                __vectors
                0x0000000000000000                __vector_default
 *(.vectors)
 *(.progmem.gcc*)
 *(.progmem*)
                0x0000000000000068                . = ALIGN (0x2)
                0x0000000000000068                __trampolines_start = .
 *(.trampolines)
 .trampolines   0x0000000000000068        0x0 linker stubs
 *(.trampolines*)
                0x0000000000000068                __trampolines_end = .
 *(.jumptables)
 *(.jumptables*)
 *(.lowtext)
 *(.lowtext*)
                0x0000000000000068                __ctors_start = .
 *(.ctors)
                0x0000000000000068                __ctors_end = .
                0x0000000000000068                __dtors_start = .
 *(.dtors)
                0x0000000000000068                __dtors_end = .
 SORT(*)(.ctors)
 SORT(*)(.dtors)
 *(.init0)
 .init0         0x0000000000000068        0x0 /usr/local/Cellar/avr-gcc/4.6.1/lib/gcc/avr/4.6.1/../../../../avr/lib/avr5/crtm328p.o
                0x0000000000000068                __init
 *(.init0)
 *(.init1)
 *(.init1)
 *(.init2)
 .init2         0x0000000000000068        0xc /usr/local/Cellar/avr-gcc/4.6.1/lib/gcc/avr/4.6.1/../../../../avr/lib/avr5/crtm328p.o
 *(.init2)
 *(.init3)
 *(.init3)
 *(.init4)
 .init4         0x0000000000000074       0x16 /usr/local/Cellar/avr-gcc/4.6.1/lib/gcc/avr/4.6.1/avr5/libgcc.a(_copy_data.o)
                0x0000000000000074                __do_copy_data
 .init4         0x000000000000008a       0x10 /usr/local/Cellar/avr-gcc/4.6.1/lib/gcc/avr/4.6.1/avr5/libgcc.a(_clear_bss.o)
                0x000000000000008a                __do_clear_bss
 *(.init4)
 *(.init5)
 *(.init5)
 *(.init6)
 *(.init6)
 *(.init7)
 *(.init7)
 *(.init8)
 *(.init8)
 *(.init9)
 .init9         0x000000000000009a        0x8 /usr/local/Cellar/avr-gcc/4.6.1/lib/gcc/avr/4.6.1/../../../../avr/lib/avr5/crtm328p.o
 *(.init9)
 *(.text)
 .text          0x00000000000000a2        0x4 /usr/local/Cellar/avr-gcc/4.6.1/lib/gcc/avr/4.6.1/../../../../avr/lib/avr5/crtm328p.o
                0x00000000000000a2                __vector_20
                0x00000000000000a2                __vector_1
                0x00000000000000a2                __vector_24
                0x00000000000000a2                __vector_12
                0x00000000000000a2                __bad_interrupt
                0x00000000000000a2                __vector_6
                0x00000000000000a2                __vector_3
                0x00000000000000a2                __vector_23
                0x00000000000000a2                __vector_25
                0x00000000000000a2                __vector_11
                0x00000000000000a2                __vector_13
                0x00000000000000a2                __vector_17
                0x00000000000000a2                __vector_7
                0x00000000000000a2                __vector_5
                0x00000000000000a2                __vector_4
                0x00000000000000a2                __vector_9
                0x00000000000000a2                __vector_2
                0x00000000000000a2                __vector_21
                0x00000000000000a2                __vector_15
                0x00000000000000a2                __vector_8
                0x00000000000000a2                __vector_14
                0x00000000000000a2                __vector_10
                0x00000000000000a2                __vector_16
                0x00000000000000a2                __vector_22
 .text          0x00000000000000a6        0x6 main.o
                0x00000000000000a6                shift_out
 .text          0x00000000000000ac      0x1c0 uart_async.o
                0x00000000000000ac                uart_init
                0x00000000000000e6                uart_putchar
                0x000000000000013e                uart_getchar
                0x0000000000000168                __vector_18
                0x00000000000001e8                __vector_19
 .text          0x000000000000026c       0x3a spi.o
                0x000000000000026c                spi_init
                0x0000000000000286                spi_transfer
 .text          0x00000000000002a6        0x0 /usr/local/Cellar/avr-gcc/4.6.1/lib/gcc/avr/4.6.1/avr5/libgcc.a(_divmodhi4.o)
 .text          0x00000000000002a6        0x0 /usr/local/Cellar/avr-gcc/4.6.1/lib/gcc/avr/4.6.1/avr5/libgcc.a(_exit.o)
 .text          0x00000000000002a6        0x0 /usr/local/Cellar/avr-gcc/4.6.1/lib/gcc/avr/4.6.1/avr5/libgcc.a(_copy_data.o)
 .text          0x00000000000002a6        0x0 /usr/local/Cellar/avr-gcc/4.6.1/lib/gcc/avr/4.6.1/avr5/libgcc.a(_clear_bss.o)
 .text          0x00000000000002a6        0x0 /usr/local/Cellar/avr-gcc/4.6.1/lib/gcc/avr/4.6.1/avr5/libgcc.a(_udivmodhi4.o)
 .text          0x00000000000002a6        0x0 /usr/local/Cellar/avr-gcc/4.6.1/lib/gcc/avr/4.6.1/../../../../avr/lib/avr5/libc.a(itoa.o)
 .text          0x00000000000002a6        0x0 /usr/local/Cellar/avr-gcc/4.6.1/lib/gcc/avr/4.6.1/../../../../avr/lib/avr5/libc.a(iob.o)
 .text          0x00000000000002a6        0x0 /usr/local/Cellar/avr-gcc/4.6.1/lib/gcc/avr/4.6.1/../../../../avr/lib/avr5/libc.a(printf.o)
 .text          0x00000000000002a6        0x0 /usr/local/Cellar/avr-gcc/4.6.1/lib/gcc/avr/4.6.1/../../../../avr/lib/avr5/libc.a(vfprintf_std.o)
 .text          0x00000000000002a6        0x0 /usr/local/Cellar/avr-gcc/4.6.1/lib/gcc/avr/4.6.1/../../../../avr/lib/avr5/libc.a(strnlen_P.o)
 .text          0x00000000000002a6        0x0 /usr/local/Cellar/avr-gcc/4.6.1/lib/gcc/avr/4.6.1/../../../../avr/lib/avr5/libc.a(strnlen.o)
 .text          0x00000000000002a6        0x0 /usr/local/Cellar/avr-gcc/4.6.1/lib/gcc/avr/4.6.1/../../../../avr/lib/avr5/libc.a(strrev.o)
 .text          0x00000000000002a6        0x0 /usr/local/Cellar/avr-gcc/4.6.1/lib/gcc/avr/4.6.1/../../../../avr/lib/avr5/libc.a(fputc.o)
 .text          0x00000000000002a6        0x0 /usr/local/Cellar/avr-gcc/4.6.1/lib/gcc/avr/4.6.1/../../../../avr/lib/avr5/libc.a(ultoa_invert.o)
 .text          0x00000000000002a6        0x0 /usr/local/Cellar/avr-gcc/4.6.1/lib/gcc/avr/4.6.1/avr5/libgcc.a(_prologue.o)
 .text          0x00000000000002a6        0x0 /usr/local/Cellar/avr-gcc/4.6.1/lib/gcc/avr/4.6.1/avr5/libgcc.a(_epilogue.o)
                0x00000000000002a6                . = ALIGN (0x2)
 *(.text.*)
 .text.startup  0x00000000000002a6       0xe4 main.o
                0x00000000000002a6                main
 .text.libgcc   0x000000000000038a       0x26 /usr/local/Cellar/avr-gcc/4.6.1/lib/gcc/avr/4.6.1/avr5/libgcc.a(_divmodhi4.o)
                0x000000000000038a                __divmodhi4
                0x000000000000038a                _div
 .text.libgcc   0x00000000000003b0        0x0 /usr/local/Cellar/avr-gcc/4.6.1/lib/gcc/avr/4.6.1/avr5/libgcc.a(_exit.o)
 .text.libgcc   0x00000000000003b0        0x0 /usr/local/Cellar/avr-gcc/4.6.1/lib/gcc/avr/4.6.1/avr5/libgcc.a(_copy_data.o)
 .text.libgcc   0x00000000000003b0        0x0 /usr/local/Cellar/avr-gcc/4.6.1/lib/gcc/avr/4.6.1/avr5/libgcc.a(_clear_bss.o)
 .text.libgcc   0x00000000000003b0       0x28 /usr/local/Cellar/avr-gcc/4.6.1/lib/gcc/avr/4.6.1/avr5/libgcc.a(_udivmodhi4.o)
                0x00000000000003b0                __udivmodhi4
 .text.avr-libc
                0x00000000000003d8       0x42 /usr/local/Cellar/avr-gcc/4.6.1/lib/gcc/avr/4.6.1/../../../../avr/lib/avr5/libc.a(itoa.o)
                0x00000000000003d8                itoa
 .text.avr-libc
                0x000000000000041a       0x2a /usr/local/Cellar/avr-gcc/4.6.1/lib/gcc/avr/4.6.1/../../../../avr/lib/avr5/libc.a(printf.o)
                0x000000000000041a                printf
 .text.avr-libc
                0x0000000000000444      0x3c0 /usr/local/Cellar/avr-gcc/4.6.1/lib/gcc/avr/4.6.1/../../../../avr/lib/avr5/libc.a(vfprintf_std.o)
                0x0000000000000444                vfprintf
 .text.avr-libc
                0x0000000000000804       0x16 /usr/local/Cellar/avr-gcc/4.6.1/lib/gcc/avr/4.6.1/../../../../avr/lib/avr5/libc.a(strnlen_P.o)
                0x0000000000000804                strnlen_P
 .text.avr-libc
                0x000000000000081a       0x16 /usr/local/Cellar/avr-gcc/4.6.1/lib/gcc/avr/4.6.1/../../../../avr/lib/avr5/libc.a(strnlen.o)
                0x000000000000081a                strnlen
 .text.avr-libc
                0x0000000000000830       0x20 /usr/local/Cellar/avr-gcc/4.6.1/lib/gcc/avr/4.6.1/../../../../avr/lib/avr5/libc.a(strrev.o)
                0x0000000000000830                strrev
 .text.avr-libc
                0x0000000000000850       0x58 /usr/local/Cellar/avr-gcc/4.6.1/lib/gcc/avr/4.6.1/../../../../avr/lib/avr5/libc.a(fputc.o)
                0x0000000000000850                fputc
 .text.avr-libc
                0x00000000000008a8       0xbc /usr/local/Cellar/avr-gcc/4.6.1/lib/gcc/avr/4.6.1/../../../../avr/lib/avr5/libc.a(ultoa_invert.o)
                0x00000000000008a8                __ultoa_invert
 .text.libgcc   0x0000000000000964       0x38 /usr/local/Cellar/avr-gcc/4.6.1/lib/gcc/avr/4.6.1/avr5/libgcc.a(_prologue.o)
                0x0000000000000964                __prologue_saves__
 .text.libgcc   0x000000000000099c       0x36 /usr/local/Cellar/avr-gcc/4.6.1/lib/gcc/avr/4.6.1/avr5/libgcc.a(_epilogue.o)
                0x000000000000099c                __epilogue_restores__
                0x00000000000009d2                . = ALIGN (0x2)
 *(.fini9)
 .fini9         0x00000000000009d2        0x0 /usr/local/Cellar/avr-gcc/4.6.1/lib/gcc/avr/4.6.1/avr5/libgcc.a(_exit.o)
                0x00000000000009d2                exit
                0x00000000000009d2                _exit
 *(.fini9)
 *(.fini8)
 *(.fini8)
 *(.fini7)
 *(.fini7)
 *(.fini6)
 *(.fini6)
 *(.fini5)
 *(.fini5)
 *(.fini4)
 *(.fini4)
 *(.fini3)
 *(.fini3)
 *(.fini2)
 *(.fini2)
 *(.fini1)
 *(.fini1)
 *(.fini0)
 .fini0         0x00000000000009d2        0x4 /usr/local/Cellar/avr-gcc/4.6.1/lib/gcc/avr/4.6.1/avr5/libgcc.a(_exit.o)
 *(.fini0)
                0x00000000000009d6                _etext = .

.data           0x0000000000800100       0x24 load address 0x00000000000009d6
                0x0000000000800100                PROVIDE (__data_start, .)
 *(.data)
 .data          0x0000000000800100        0x0 /usr/local/Cellar/avr-gcc/4.6.1/lib/gcc/avr/4.6.1/../../../../avr/lib/avr5/crtm328p.o
 .data          0x0000000000800100       0x24 main.o
                0x0000000000800108                uart_input
                0x0000000000800116                uart_output
 .data          0x0000000000800124        0x0 uart_async.o
 .data          0x0000000000800124        0x0 spi.o
 .data          0x0000000000800124        0x0 /usr/local/Cellar/avr-gcc/4.6.1/lib/gcc/avr/4.6.1/avr5/libgcc.a(_divmodhi4.o)
 .data          0x0000000000800124        0x0 /usr/local/Cellar/avr-gcc/4.6.1/lib/gcc/avr/4.6.1/avr5/libgcc.a(_exit.o)
 .data          0x0000000000800124        0x0 /usr/local/Cellar/avr-gcc/4.6.1/lib/gcc/avr/4.6.1/avr5/libgcc.a(_copy_data.o)
 .data          0x0000000000800124        0x0 /usr/local/Cellar/avr-gcc/4.6.1/lib/gcc/avr/4.6.1/avr5/libgcc.a(_clear_bss.o)
 .data          0x0000000000800124        0x0 /usr/local/Cellar/avr-gcc/4.6.1/lib/gcc/avr/4.6.1/avr5/libgcc.a(_udivmodhi4.o)
 .data          0x0000000000800124        0x0 /usr/local/Cellar/avr-gcc/4.6.1/lib/gcc/avr/4.6.1/../../../../avr/lib/avr5/libc.a(itoa.o)
 .data          0x0000000000800124        0x0 /usr/local/Cellar/avr-gcc/4.6.1/lib/gcc/avr/4.6.1/../../../../avr/lib/avr5/libc.a(iob.o)
 .data          0x0000000000800124        0x0 /usr/local/Cellar/avr-gcc/4.6.1/lib/gcc/avr/4.6.1/../../../../avr/lib/avr5/libc.a(printf.o)
 .data          0x0000000000800124        0x0 /usr/local/Cellar/avr-gcc/4.6.1/lib/gcc/avr/4.6.1/../../../../avr/lib/avr5/libc.a(vfprintf_std.o)
 .data          0x0000000000800124        0x0 /usr/local/Cellar/avr-gcc/4.6.1/lib/gcc/avr/4.6.1/../../../../avr/lib/avr5/libc.a(strnlen_P.o)
 .data          0x0000000000800124        0x0 /usr/local/Cellar/avr-gcc/4.6.1/lib/gcc/avr/4.6.1/../../../../avr/lib/avr5/libc.a(strnlen.o)
 .data          0x0000000000800124        0x0 /usr/local/Cellar/avr-gcc/4.6.1/lib/gcc/avr/4.6.1/../../../../avr/lib/avr5/libc.a(strrev.o)
 .data          0x0000000000800124        0x0 /usr/local/Cellar/avr-gcc/4.6.1/lib/gcc/avr/4.6.1/../../../../avr/lib/avr5/libc.a(fputc.o)
 .data          0x0000000000800124        0x0 /usr/local/Cellar/avr-gcc/4.6.1/lib/gcc/avr/4.6.1/../../../../avr/lib/avr5/libc.a(ultoa_invert.o)
 .data          0x0000000000800124        0x0 /usr/local/Cellar/avr-gcc/4.6.1/lib/gcc/avr/4.6.1/avr5/libgcc.a(_prologue.o)
 .data          0x0000000000800124        0x0 /usr/local/Cellar/avr-gcc/4.6.1/lib/gcc/avr/4.6.1/avr5/libgcc.a(_epilogue.o)
 *(.data*)
 *(.rodata)
 *(.rodata*)
 *(.gnu.linkonce.d*)
                0x0000000000800124                . = ALIGN (0x2)
                0x0000000000800124                _edata = .
                0x0000000000800124                PROVIDE (__data_end, .)

.bss            0x0000000000800124      0x24e
                0x0000000000800124                PROVIDE (__bss_start, .)
 *(.bss)
 .bss           0x0000000000800124        0x0 /usr/local/Cellar/avr-gcc/4.6.1/lib/gcc/avr/4.6.1/../../../../avr/lib/avr5/crtm328p.o
 .bss           0x0000000000800124        0x0 main.o
 .bss           0x0000000000800124      0x248 uart_async.o
 .bss           0x000000000080036c        0x0 spi.o
 .bss           0x000000000080036c        0x0 /usr/local/Cellar/avr-gcc/4.6.1/lib/gcc/avr/4.6.1/avr5/libgcc.a(_divmodhi4.o)
 .bss           0x000000000080036c        0x0 /usr/local/Cellar/avr-gcc/4.6.1/lib/gcc/avr/4.6.1/avr5/libgcc.a(_exit.o)
 .bss           0x000000000080036c        0x0 /usr/local/Cellar/avr-gcc/4.6.1/lib/gcc/avr/4.6.1/avr5/libgcc.a(_copy_data.o)
 .bss           0x000000000080036c        0x0 /usr/local/Cellar/avr-gcc/4.6.1/lib/gcc/avr/4.6.1/avr5/libgcc.a(_clear_bss.o)
 .bss           0x000000000080036c        0x0 /usr/local/Cellar/avr-gcc/4.6.1/lib/gcc/avr/4.6.1/avr5/libgcc.a(_udivmodhi4.o)
 .bss           0x000000000080036c        0x0 /usr/local/Cellar/avr-gcc/4.6.1/lib/gcc/avr/4.6.1/../../../../avr/lib/avr5/libc.a(itoa.o)
 .bss           0x000000000080036c        0x0 /usr/local/Cellar/avr-gcc/4.6.1/lib/gcc/avr/4.6.1/../../../../avr/lib/avr5/libc.a(iob.o)
 .bss           0x000000000080036c        0x0 /usr/local/Cellar/avr-gcc/4.6.1/lib/gcc/avr/4.6.1/../../../../avr/lib/avr5/libc.a(printf.o)
 .bss           0x000000000080036c        0x0 /usr/local/Cellar/avr-gcc/4.6.1/lib/gcc/avr/4.6.1/../../../../avr/lib/avr5/libc.a(vfprintf_std.o)
 .bss           0x000000000080036c        0x0 /usr/local/Cellar/avr-gcc/4.6.1/lib/gcc/avr/4.6.1/../../../../avr/lib/avr5/libc.a(strnlen_P.o)
 .bss           0x000000000080036c        0x0 /usr/local/Cellar/avr-gcc/4.6.1/lib/gcc/avr/4.6.1/../../../../avr/lib/avr5/libc.a(strnlen.o)
 .bss           0x000000000080036c        0x0 /usr/local/Cellar/avr-gcc/4.6.1/lib/gcc/avr/4.6.1/../../../../avr/lib/avr5/libc.a(strrev.o)
 .bss           0x000000000080036c        0x0 /usr/local/Cellar/avr-gcc/4.6.1/lib/gcc/avr/4.6.1/../../../../avr/lib/avr5/libc.a(fputc.o)
 .bss           0x000000000080036c        0x0 /usr/local/Cellar/avr-gcc/4.6.1/lib/gcc/avr/4.6.1/../../../../avr/lib/avr5/libc.a(ultoa_invert.o)
 .bss           0x000000000080036c        0x0 /usr/local/Cellar/avr-gcc/4.6.1/lib/gcc/avr/4.6.1/avr5/libgcc.a(_prologue.o)
 .bss           0x000000000080036c        0x0 /usr/local/Cellar/avr-gcc/4.6.1/lib/gcc/avr/4.6.1/avr5/libgcc.a(_epilogue.o)
 *(.bss*)
 *(COMMON)
 COMMON         0x000000000080036c        0x6 /usr/local/Cellar/avr-gcc/4.6.1/lib/gcc/avr/4.6.1/../../../../avr/lib/avr5/libc.a(iob.o)
                0x000000000080036c                __iob
                0x0000000000800372                PROVIDE (__bss_end, .)
                0x00000000000009d6                __data_load_start = LOADADDR (.data)
                0x00000000000009fa                __data_load_end = (__data_load_start + SIZEOF (.data))

.noinit         0x0000000000800372        0x0
                0x0000000000800372                PROVIDE (__noinit_start, .)
 *(.noinit*)
                0x0000000000800372                PROVIDE (__noinit_end, .)
                0x0000000000800372                _end = .
                0x0000000000800372                PROVIDE (__heap_start, .)

.eeprom         0x0000000000810000        0x0
 *(.eeprom*)
                0x0000000000810000                __eeprom_end = .

.stab           0x0000000000000000      0xf0c
 *(.stab)
 .stab          0x0000000000000000      0x6cc /usr/local/Cellar/avr-gcc/4.6.1/lib/gcc/avr/4.6.1/../../../../avr/lib/avr5/crtm328p.o
 .stab          0x00000000000006cc      0x1b0 /usr/local/Cellar/avr-gcc/4.6.1/lib/gcc/avr/4.6.1/../../../../avr/lib/avr5/libc.a(itoa.o)
                                        0x1bc (size before relaxing)
 .stab          0x000000000000087c       0x9c /usr/local/Cellar/avr-gcc/4.6.1/lib/gcc/avr/4.6.1/../../../../avr/lib/avr5/libc.a(strnlen_P.o)
                                         0xa8 (size before relaxing)
 .stab          0x0000000000000918       0x9c /usr/local/Cellar/avr-gcc/4.6.1/lib/gcc/avr/4.6.1/../../../../avr/lib/avr5/libc.a(strnlen.o)
                                         0xa8 (size before relaxing)
 .stab          0x00000000000009b4       0xd8 /usr/local/Cellar/avr-gcc/4.6.1/lib/gcc/avr/4.6.1/../../../../avr/lib/avr5/libc.a(strrev.o)
                                         0xe4 (size before relaxing)
 .stab          0x0000000000000a8c      0x480 /usr/local/Cellar/avr-gcc/4.6.1/lib/gcc/avr/4.6.1/../../../../avr/lib/avr5/libc.a(ultoa_invert.o)
                                        0x48c (size before relaxing)

.stabstr        0x0000000000000000      0x257
 *(.stabstr)
 .stabstr       0x0000000000000000      0x257 /usr/local/Cellar/avr-gcc/4.6.1/lib/gcc/avr/4.6.1/../../../../avr/lib/avr5/crtm328p.o

.stab.excl
 *(.stab.excl)

.stab.exclstr
 *(.stab.exclstr)

.stab.index
 *(.stab.index)

.stab.indexstr
 *(.stab.indexstr)

.comment
 *(.comment)

.debug
 *(.debug)

.line
 *(.line)

.debug_srcinfo
 *(.debug_srcinfo)

.debug_sfnames
 *(.debug_sfnames)

.debug_aranges  0x0000000000000000      0x1a8
 *(.debug_aranges)
 .debug_aranges
                0x0000000000000000       0x28 main.o
 .debug_aranges
                0x0000000000000028       0x20 uart_async.o
 .debug_aranges
                0x0000000000000048       0x20 spi.o
 .debug_aranges
                0x0000000000000068       0x20 /usr/local/Cellar/avr-gcc/4.6.1/lib/gcc/avr/4.6.1/avr5/libgcc.a(_divmodhi4.o)
 .debug_aranges
                0x0000000000000088       0x20 /usr/local/Cellar/avr-gcc/4.6.1/lib/gcc/avr/4.6.1/avr5/libgcc.a(_exit.o)
 .debug_aranges
                0x00000000000000a8       0x20 /usr/local/Cellar/avr-gcc/4.6.1/lib/gcc/avr/4.6.1/avr5/libgcc.a(_copy_data.o)
 .debug_aranges
                0x00000000000000c8       0x20 /usr/local/Cellar/avr-gcc/4.6.1/lib/gcc/avr/4.6.1/avr5/libgcc.a(_clear_bss.o)
 .debug_aranges
                0x00000000000000e8       0x20 /usr/local/Cellar/avr-gcc/4.6.1/lib/gcc/avr/4.6.1/avr5/libgcc.a(_udivmodhi4.o)
 .debug_aranges
                0x0000000000000108       0x20 /usr/local/Cellar/avr-gcc/4.6.1/lib/gcc/avr/4.6.1/../../../../avr/lib/avr5/libc.a(printf.o)
 .debug_aranges
                0x0000000000000128       0x20 /usr/local/Cellar/avr-gcc/4.6.1/lib/gcc/avr/4.6.1/../../../../avr/lib/avr5/libc.a(vfprintf_std.o)
 .debug_aranges
                0x0000000000000148       0x20 /usr/local/Cellar/avr-gcc/4.6.1/lib/gcc/avr/4.6.1/../../../../avr/lib/avr5/libc.a(fputc.o)
 .debug_aranges
                0x0000000000000168       0x20 /usr/local/Cellar/avr-gcc/4.6.1/lib/gcc/avr/4.6.1/avr5/libgcc.a(_prologue.o)
 .debug_aranges
                0x0000000000000188       0x20 /usr/local/Cellar/avr-gcc/4.6.1/lib/gcc/avr/4.6.1/avr5/libgcc.a(_epilogue.o)

.debug_pubnames
 *(.debug_pubnames)

.debug_info     0x0000000000000000     0x12d9
 *(.debug_info)
 .debug_info    0x0000000000000000      0x319 main.o
 .debug_info    0x0000000000000319      0x2d0 uart_async.o
 .debug_info    0x00000000000005e9       0xbb spi.o
 .debug_info    0x00000000000006a4       0x9f /usr/local/Cellar/avr-gcc/4.6.1/lib/gcc/avr/4.6.1/avr5/libgcc.a(_divmodhi4.o)
 .debug_info    0x0000000000000743       0x9f /usr/local/Cellar/avr-gcc/4.6.1/lib/gcc/avr/4.6.1/avr5/libgcc.a(_exit.o)
 .debug_info    0x00000000000007e2       0x9f /usr/local/Cellar/avr-gcc/4.6.1/lib/gcc/avr/4.6.1/avr5/libgcc.a(_copy_data.o)
 .debug_info    0x0000000000000881       0x9f /usr/local/Cellar/avr-gcc/4.6.1/lib/gcc/avr/4.6.1/avr5/libgcc.a(_clear_bss.o)
 .debug_info    0x0000000000000920       0x9f /usr/local/Cellar/avr-gcc/4.6.1/lib/gcc/avr/4.6.1/avr5/libgcc.a(_udivmodhi4.o)
 .debug_info    0x00000000000009bf      0x153 /usr/local/Cellar/avr-gcc/4.6.1/lib/gcc/avr/4.6.1/../../../../avr/lib/avr5/libc.a(iob.o)
 .debug_info    0x0000000000000b12      0x1ca /usr/local/Cellar/avr-gcc/4.6.1/lib/gcc/avr/4.6.1/../../../../avr/lib/avr5/libc.a(printf.o)
 .debug_info    0x0000000000000cdc      0x354 /usr/local/Cellar/avr-gcc/4.6.1/lib/gcc/avr/4.6.1/../../../../avr/lib/avr5/libc.a(vfprintf_std.o)
 .debug_info    0x0000000000001030      0x16b /usr/local/Cellar/avr-gcc/4.6.1/lib/gcc/avr/4.6.1/../../../../avr/lib/avr5/libc.a(fputc.o)
 .debug_info    0x000000000000119b       0x9f /usr/local/Cellar/avr-gcc/4.6.1/lib/gcc/avr/4.6.1/avr5/libgcc.a(_prologue.o)
 .debug_info    0x000000000000123a       0x9f /usr/local/Cellar/avr-gcc/4.6.1/lib/gcc/avr/4.6.1/avr5/libgcc.a(_epilogue.o)
 *(.gnu.linkonce.wi.*)

.debug_abbrev   0x0000000000000000      0x873
 *(.debug_abbrev)
 .debug_abbrev  0x0000000000000000      0x1ea main.o
 .debug_abbrev  0x00000000000001ea      0x15f uart_async.o
 .debug_abbrev  0x0000000000000349       0x7b spi.o
 .debug_abbrev  0x00000000000003c4       0x14 /usr/local/Cellar/avr-gcc/4.6.1/lib/gcc/avr/4.6.1/avr5/libgcc.a(_divmodhi4.o)
 .debug_abbrev  0x00000000000003d8       0x14 /usr/local/Cellar/avr-gcc/4.6.1/lib/gcc/avr/4.6.1/avr5/libgcc.a(_exit.o)
 .debug_abbrev  0x00000000000003ec       0x14 /usr/local/Cellar/avr-gcc/4.6.1/lib/gcc/avr/4.6.1/avr5/libgcc.a(_copy_data.o)
 .debug_abbrev  0x0000000000000400       0x14 /usr/local/Cellar/avr-gcc/4.6.1/lib/gcc/avr/4.6.1/avr5/libgcc.a(_clear_bss.o)
 .debug_abbrev  0x0000000000000414       0x14 /usr/local/Cellar/avr-gcc/4.6.1/lib/gcc/avr/4.6.1/avr5/libgcc.a(_udivmodhi4.o)
 .debug_abbrev  0x0000000000000428       0xc7 /usr/local/Cellar/avr-gcc/4.6.1/lib/gcc/avr/4.6.1/../../../../avr/lib/avr5/libc.a(iob.o)
 .debug_abbrev  0x00000000000004ef      0x11e /usr/local/Cellar/avr-gcc/4.6.1/lib/gcc/avr/4.6.1/../../../../avr/lib/avr5/libc.a(printf.o)
 .debug_abbrev  0x000000000000060d      0x163 /usr/local/Cellar/avr-gcc/4.6.1/lib/gcc/avr/4.6.1/../../../../avr/lib/avr5/libc.a(vfprintf_std.o)
 .debug_abbrev  0x0000000000000770       0xdb /usr/local/Cellar/avr-gcc/4.6.1/lib/gcc/avr/4.6.1/../../../../avr/lib/avr5/libc.a(fputc.o)
 .debug_abbrev  0x000000000000084b       0x14 /usr/local/Cellar/avr-gcc/4.6.1/lib/gcc/avr/4.6.1/avr5/libgcc.a(_prologue.o)
 .debug_abbrev  0x000000000000085f       0x14 /usr/local/Cellar/avr-gcc/4.6.1/lib/gcc/avr/4.6.1/avr5/libgcc.a(_epilogue.o)

.debug_line     0x0000000000000000      0x969
 *(.debug_line)
 .debug_line    0x0000000000000000      0x174 main.o
 .debug_line    0x0000000000000174       0xc4 uart_async.o
 .debug_line    0x0000000000000238       0x9b spi.o
 .debug_line    0x00000000000002d3       0x70 /usr/local/Cellar/avr-gcc/4.6.1/lib/gcc/avr/4.6.1/avr5/libgcc.a(_divmodhi4.o)
 .debug_line    0x0000000000000343       0x5f /usr/local/Cellar/avr-gcc/4.6.1/lib/gcc/avr/4.6.1/avr5/libgcc.a(_exit.o)
 .debug_line    0x00000000000003a2       0x68 /usr/local/Cellar/avr-gcc/4.6.1/lib/gcc/avr/4.6.1/avr5/libgcc.a(_copy_data.o)
 .debug_line    0x000000000000040a       0x65 /usr/local/Cellar/avr-gcc/4.6.1/lib/gcc/avr/4.6.1/avr5/libgcc.a(_clear_bss.o)
 .debug_line    0x000000000000046f       0x71 /usr/local/Cellar/avr-gcc/4.6.1/lib/gcc/avr/4.6.1/avr5/libgcc.a(_udivmodhi4.o)
 .debug_line    0x00000000000004e0       0x62 /usr/local/Cellar/avr-gcc/4.6.1/lib/gcc/avr/4.6.1/../../../../avr/lib/avr5/libc.a(iob.o)
 .debug_line    0x0000000000000542       0xbc /usr/local/Cellar/avr-gcc/4.6.1/lib/gcc/avr/4.6.1/../../../../avr/lib/avr5/libc.a(printf.o)
 .debug_line    0x00000000000005fe      0x1fe /usr/local/Cellar/avr-gcc/4.6.1/lib/gcc/avr/4.6.1/../../../../avr/lib/avr5/libc.a(vfprintf_std.o)
 .debug_line    0x00000000000007fc       0x7c /usr/local/Cellar/avr-gcc/4.6.1/lib/gcc/avr/4.6.1/../../../../avr/lib/avr5/libc.a(fputc.o)
 .debug_line    0x0000000000000878       0x79 /usr/local/Cellar/avr-gcc/4.6.1/lib/gcc/avr/4.6.1/avr5/libgcc.a(_prologue.o)
 .debug_line    0x00000000000008f1       0x78 /usr/local/Cellar/avr-gcc/4.6.1/lib/gcc/avr/4.6.1/avr5/libgcc.a(_epilogue.o)

.debug_frame    0x0000000000000000      0x238
 *(.debug_frame)
 .debug_frame   0x0000000000000000       0x4c main.o
 .debug_frame   0x000000000000004c       0xf8 uart_async.o
 .debug_frame   0x0000000000000144       0x44 spi.o
 .debug_frame   0x0000000000000188       0x2c /usr/local/Cellar/avr-gcc/4.6.1/lib/gcc/avr/4.6.1/../../../../avr/lib/avr5/libc.a(printf.o)
 .debug_frame   0x00000000000001b4       0x4c /usr/local/Cellar/avr-gcc/4.6.1/lib/gcc/avr/4.6.1/../../../../avr/lib/avr5/libc.a(vfprintf_std.o)
 .debug_frame   0x0000000000000200       0x38 /usr/local/Cellar/avr-gcc/4.6.1/lib/gcc/avr/4.6.1/../../../../avr/lib/avr5/libc.a(fputc.o)

.debug_str      0x0000000000000000      0x2f7
 *(.debug_str)
 .debug_str     0x0000000000000000      0x111 main.o
                                        0x154 (size before relaxing)
 .debug_str     0x0000000000000111       0x95 uart_async.o
                                        0x169 (size before relaxing)
 .debug_str     0x00000000000001a6       0x1c spi.o
                                         0xd4 (size before relaxing)
 .debug_str     0x00000000000001c2       0x60 /usr/local/Cellar/avr-gcc/4.6.1/lib/gcc/avr/4.6.1/../../../../avr/lib/avr5/libc.a(iob.o)
                                        0x104 (size before relaxing)
 .debug_str     0x0000000000000222       0x3e /usr/local/Cellar/avr-gcc/4.6.1/lib/gcc/avr/4.6.1/../../../../avr/lib/avr5/libc.a(printf.o)
                                        0x137 (size before relaxing)
 .debug_str     0x0000000000000260       0x75 /usr/local/Cellar/avr-gcc/4.6.1/lib/gcc/avr/4.6.1/../../../../avr/lib/avr5/libc.a(vfprintf_std.o)
                                        0x189 (size before relaxing)
 .debug_str     0x00000000000002d5       0x22 /usr/local/Cellar/avr-gcc/4.6.1/lib/gcc/avr/4.6.1/../../../../avr/lib/avr5/libc.a(fputc.o)
                                        0x10d (size before relaxing)

.debug_loc      0x0000000000000000      0x972
 *(.debug_loc)
 .debug_loc     0x0000000000000000       0xbe main.o
 .debug_loc     0x00000000000000be      0x277 uart_async.o
 .debug_loc     0x0000000000000335       0x67 spi.o
 .debug_loc     0x000000000000039c       0x21 /usr/local/Cellar/avr-gcc/4.6.1/lib/gcc/avr/4.6.1/../../../../avr/lib/avr5/libc.a(printf.o)
 .debug_loc     0x00000000000003bd      0x51c /usr/local/Cellar/avr-gcc/4.6.1/lib/gcc/avr/4.6.1/../../../../avr/lib/avr5/libc.a(vfprintf_std.o)
 .debug_loc     0x00000000000008d9       0x99 /usr/local/Cellar/avr-gcc/4.6.1/lib/gcc/avr/4.6.1/../../../../avr/lib/avr5/libc.a(fputc.o)

.debug_macinfo
 *(.debug_macinfo)
OUTPUT(main.elf elf32-avr)
LOAD linker stubs

.debug_ranges   0x0000000000000000       0x90
 .debug_ranges  0x0000000000000000       0x60 main.o
 .debug_ranges  0x0000000000000060       0x10 /usr/local/Cellar/avr-gcc/4.6.1/lib/gcc/avr/4.6.1/../../../../avr/lib/avr5/libc.a(printf.o)
 .debug_ranges  0x0000000000000070       0x10 /usr/local/Cellar/avr-gcc/4.6.1/lib/gcc/avr/4.6.1/../../../../avr/lib/avr5/libc.a(vfprintf_std.o)
 .debug_ranges  0x0000000000000080       0x10 /usr/local/Cellar/avr-gcc/4.6.1/lib/gcc/avr/4.6.1/../../../../avr/lib/avr5/libc.a(fputc.o)

Cross Reference Table

Symbol                                            File
__bad_interrupt                                   /usr/local/Cellar/avr-gcc/4.6.1/lib/gcc/avr/4.6.1/../../../../avr/lib/avr5/crtm328p.o
__bss_end                                         /usr/local/Cellar/avr-gcc/4.6.1/lib/gcc/avr/4.6.1/avr5/libgcc.a(_clear_bss.o)
__bss_start                                       /usr/local/Cellar/avr-gcc/4.6.1/lib/gcc/avr/4.6.1/avr5/libgcc.a(_clear_bss.o)
__data_end                                        /usr/local/Cellar/avr-gcc/4.6.1/lib/gcc/avr/4.6.1/avr5/libgcc.a(_copy_data.o)
__data_load_start                                 /usr/local/Cellar/avr-gcc/4.6.1/lib/gcc/avr/4.6.1/avr5/libgcc.a(_copy_data.o)
__data_start                                      /usr/local/Cellar/avr-gcc/4.6.1/lib/gcc/avr/4.6.1/avr5/libgcc.a(_copy_data.o)
__divmodhi4                                       /usr/local/Cellar/avr-gcc/4.6.1/lib/gcc/avr/4.6.1/avr5/libgcc.a(_divmodhi4.o)
                                                  uart_async.o
__do_clear_bss                                    /usr/local/Cellar/avr-gcc/4.6.1/lib/gcc/avr/4.6.1/avr5/libgcc.a(_clear_bss.o)
                                                  /usr/local/Cellar/avr-gcc/4.6.1/lib/gcc/avr/4.6.1/../../../../avr/lib/avr5/libc.a(fputc.o)
                                                  /usr/local/Cellar/avr-gcc/4.6.1/lib/gcc/avr/4.6.1/../../../../avr/lib/avr5/libc.a(vfprintf_std.o)
                                                  /usr/local/Cellar/avr-gcc/4.6.1/lib/gcc/avr/4.6.1/../../../../avr/lib/avr5/libc.a(printf.o)
                                                  /usr/local/Cellar/avr-gcc/4.6.1/lib/gcc/avr/4.6.1/../../../../avr/lib/avr5/libc.a(iob.o)
                                                  spi.o
                                                  uart_async.o
                                                  main.o
__do_copy_data                                    /usr/local/Cellar/avr-gcc/4.6.1/lib/gcc/avr/4.6.1/avr5/libgcc.a(_copy_data.o)
                                                  /usr/local/Cellar/avr-gcc/4.6.1/lib/gcc/avr/4.6.1/../../../../avr/lib/avr5/libc.a(fputc.o)
                                                  /usr/local/Cellar/avr-gcc/4.6.1/lib/gcc/avr/4.6.1/../../../../avr/lib/avr5/libc.a(vfprintf_std.o)
                                                  /usr/local/Cellar/avr-gcc/4.6.1/lib/gcc/avr/4.6.1/../../../../avr/lib/avr5/libc.a(printf.o)
                                                  /usr/local/Cellar/avr-gcc/4.6.1/lib/gcc/avr/4.6.1/../../../../avr/lib/avr5/libc.a(iob.o)
                                                  spi.o
                                                  uart_async.o
                                                  main.o
__epilogue_restores__                             /usr/local/Cellar/avr-gcc/4.6.1/lib/gcc/avr/4.6.1/avr5/libgcc.a(_epilogue.o)
                                                  /usr/local/Cellar/avr-gcc/4.6.1/lib/gcc/avr/4.6.1/../../../../avr/lib/avr5/libc.a(vfprintf_std.o)
                                                  /usr/local/Cellar/avr-gcc/4.6.1/lib/gcc/avr/4.6.1/../../../../avr/lib/avr5/libc.a(printf.o)
__heap_end                                        /usr/local/Cellar/avr-gcc/4.6.1/lib/gcc/avr/4.6.1/../../../../avr/lib/avr5/crtm328p.o
__init                                            /usr/local/Cellar/avr-gcc/4.6.1/lib/gcc/avr/4.6.1/../../../../avr/lib/avr5/crtm328p.o
__iob                                             /usr/local/Cellar/avr-gcc/4.6.1/lib/gcc/avr/4.6.1/../../../../avr/lib/avr5/libc.a(printf.o)
                                                  /usr/local/Cellar/avr-gcc/4.6.1/lib/gcc/avr/4.6.1/../../../../avr/lib/avr5/libc.a(iob.o)
                                                  main.o
__prologue_saves__                                /usr/local/Cellar/avr-gcc/4.6.1/lib/gcc/avr/4.6.1/avr5/libgcc.a(_prologue.o)
                                                  /usr/local/Cellar/avr-gcc/4.6.1/lib/gcc/avr/4.6.1/../../../../avr/lib/avr5/libc.a(vfprintf_std.o)
                                                  /usr/local/Cellar/avr-gcc/4.6.1/lib/gcc/avr/4.6.1/../../../../avr/lib/avr5/libc.a(printf.o)
__stack                                           /usr/local/Cellar/avr-gcc/4.6.1/lib/gcc/avr/4.6.1/../../../../avr/lib/avr5/crtm328p.o
__udivmodhi4                                      /usr/local/Cellar/avr-gcc/4.6.1/lib/gcc/avr/4.6.1/avr5/libgcc.a(_udivmodhi4.o)
                                                  /usr/local/Cellar/avr-gcc/4.6.1/lib/gcc/avr/4.6.1/../../../../avr/lib/avr5/libc.a(itoa.o)
                                                  /usr/local/Cellar/avr-gcc/4.6.1/lib/gcc/avr/4.6.1/avr5/libgcc.a(_divmodhi4.o)
__ultoa_invert                                    /usr/local/Cellar/avr-gcc/4.6.1/lib/gcc/avr/4.6.1/../../../../avr/lib/avr5/libc.a(ultoa_invert.o)
                                                  /usr/local/Cellar/avr-gcc/4.6.1/lib/gcc/avr/4.6.1/../../../../avr/lib/avr5/libc.a(vfprintf_std.o)
__vector_1                                        /usr/local/Cellar/avr-gcc/4.6.1/lib/gcc/avr/4.6.1/../../../../avr/lib/avr5/crtm328p.o
__vector_10                                       /usr/local/Cellar/avr-gcc/4.6.1/lib/gcc/avr/4.6.1/../../../../avr/lib/avr5/crtm328p.o
__vector_11                                       /usr/local/Cellar/avr-gcc/4.6.1/lib/gcc/avr/4.6.1/../../../../avr/lib/avr5/crtm328p.o
__vector_12                                       /usr/local/Cellar/avr-gcc/4.6.1/lib/gcc/avr/4.6.1/../../../../avr/lib/avr5/crtm328p.o
__vector_13                                       /usr/local/Cellar/avr-gcc/4.6.1/lib/gcc/avr/4.6.1/../../../../avr/lib/avr5/crtm328p.o
__vector_14                                       /usr/local/Cellar/avr-gcc/4.6.1/lib/gcc/avr/4.6.1/../../../../avr/lib/avr5/crtm328p.o
__vector_15                                       /usr/local/Cellar/avr-gcc/4.6.1/lib/gcc/avr/4.6.1/../../../../avr/lib/avr5/crtm328p.o
__vector_16                                       /usr/local/Cellar/avr-gcc/4.6.1/lib/gcc/avr/4.6.1/../../../../avr/lib/avr5/crtm328p.o
__vector_17                                       /usr/local/Cellar/avr-gcc/4.6.1/lib/gcc/avr/4.6.1/../../../../avr/lib/avr5/crtm328p.o
__vector_18                                       uart_async.o
                                                  /usr/local/Cellar/avr-gcc/4.6.1/lib/gcc/avr/4.6.1/../../../../avr/lib/avr5/crtm328p.o
__vector_19                                       uart_async.o
                                                  /usr/local/Cellar/avr-gcc/4.6.1/lib/gcc/avr/4.6.1/../../../../avr/lib/avr5/crtm328p.o
__vector_2                                        /usr/local/Cellar/avr-gcc/4.6.1/lib/gcc/avr/4.6.1/../../../../avr/lib/avr5/crtm328p.o
__vector_20                                       /usr/local/Cellar/avr-gcc/4.6.1/lib/gcc/avr/4.6.1/../../../../avr/lib/avr5/crtm328p.o
__vector_21                                       /usr/local/Cellar/avr-gcc/4.6.1/lib/gcc/avr/4.6.1/../../../../avr/lib/avr5/crtm328p.o
__vector_22                                       /usr/local/Cellar/avr-gcc/4.6.1/lib/gcc/avr/4.6.1/../../../../avr/lib/avr5/crtm328p.o
__vector_23                                       /usr/local/Cellar/avr-gcc/4.6.1/lib/gcc/avr/4.6.1/../../../../avr/lib/avr5/crtm328p.o
__vector_24                                       /usr/local/Cellar/avr-gcc/4.6.1/lib/gcc/avr/4.6.1/../../../../avr/lib/avr5/crtm328p.o
__vector_25                                       /usr/local/Cellar/avr-gcc/4.6.1/lib/gcc/avr/4.6.1/../../../../avr/lib/avr5/crtm328p.o
__vector_3                                        /usr/local/Cellar/avr-gcc/4.6.1/lib/gcc/avr/4.6.1/../../../../avr/lib/avr5/crtm328p.o
__vector_4                                        /usr/local/Cellar/avr-gcc/4.6.1/lib/gcc/avr/4.6.1/../../../../avr/lib/avr5/crtm328p.o
__vector_5                                        /usr/local/Cellar/avr-gcc/4.6.1/lib/gcc/avr/4.6.1/../../../../avr/lib/avr5/crtm328p.o
__vector_6                                        /usr/local/Cellar/avr-gcc/4.6.1/lib/gcc/avr/4.6.1/../../../../avr/lib/avr5/crtm328p.o
__vector_7                                        /usr/local/Cellar/avr-gcc/4.6.1/lib/gcc/avr/4.6.1/../../../../avr/lib/avr5/crtm328p.o
__vector_8                                        /usr/local/Cellar/avr-gcc/4.6.1/lib/gcc/avr/4.6.1/../../../../avr/lib/avr5/crtm328p.o
__vector_9                                        /usr/local/Cellar/avr-gcc/4.6.1/lib/gcc/avr/4.6.1/../../../../avr/lib/avr5/crtm328p.o
__vector_default                                  /usr/local/Cellar/avr-gcc/4.6.1/lib/gcc/avr/4.6.1/../../../../avr/lib/avr5/crtm328p.o
__vectors                                         /usr/local/Cellar/avr-gcc/4.6.1/lib/gcc/avr/4.6.1/../../../../avr/lib/avr5/crtm328p.o
_div                                              /usr/local/Cellar/avr-gcc/4.6.1/lib/gcc/avr/4.6.1/avr5/libgcc.a(_divmodhi4.o)
_exit                                             /usr/local/Cellar/avr-gcc/4.6.1/lib/gcc/avr/4.6.1/avr5/libgcc.a(_exit.o)
exit                                              /usr/local/Cellar/avr-gcc/4.6.1/lib/gcc/avr/4.6.1/avr5/libgcc.a(_exit.o)
                                                  /usr/local/Cellar/avr-gcc/4.6.1/lib/gcc/avr/4.6.1/../../../../avr/lib/avr5/crtm328p.o
fputc                                             /usr/local/Cellar/avr-gcc/4.6.1/lib/gcc/avr/4.6.1/../../../../avr/lib/avr5/libc.a(fputc.o)
                                                  /usr/local/Cellar/avr-gcc/4.6.1/lib/gcc/avr/4.6.1/../../../../avr/lib/avr5/libc.a(vfprintf_std.o)
itoa                                              /usr/local/Cellar/avr-gcc/4.6.1/lib/gcc/avr/4.6.1/../../../../avr/lib/avr5/libc.a(itoa.o)
                                                  main.o
main                                              main.o
                                                  /usr/local/Cellar/avr-gcc/4.6.1/lib/gcc/avr/4.6.1/../../../../avr/lib/avr5/crtm328p.o
printf                                            /usr/local/Cellar/avr-gcc/4.6.1/lib/gcc/avr/4.6.1/../../../../avr/lib/avr5/libc.a(printf.o)
                                                  main.o
shift_out                                         main.o
spi_init                                          spi.o
                                                  main.o
spi_transfer                                      spi.o
                                                  main.o
strnlen                                           /usr/local/Cellar/avr-gcc/4.6.1/lib/gcc/avr/4.6.1/../../../../avr/lib/avr5/libc.a(strnlen.o)
                                                  /usr/local/Cellar/avr-gcc/4.6.1/lib/gcc/avr/4.6.1/../../../../avr/lib/avr5/libc.a(vfprintf_std.o)
strnlen_P                                         /usr/local/Cellar/avr-gcc/4.6.1/lib/gcc/avr/4.6.1/../../../../avr/lib/avr5/libc.a(strnlen_P.o)
                                                  /usr/local/Cellar/avr-gcc/4.6.1/lib/gcc/avr/4.6.1/../../../../avr/lib/avr5/libc.a(vfprintf_std.o)
strrev                                            /usr/local/Cellar/avr-gcc/4.6.1/lib/gcc/avr/4.6.1/../../../../avr/lib/avr5/libc.a(strrev.o)
                                                  /usr/local/Cellar/avr-gcc/4.6.1/lib/gcc/avr/4.6.1/../../../../avr/lib/avr5/libc.a(itoa.o)
uart_getchar                                      uart_async.o
                                                  main.o
uart_init                                         uart_async.o
                                                  main.o
uart_input                                        main.o
uart_output                                       main.o
uart_putchar                                      uart_async.o
                                                  main.o
vfprintf                                          /usr/local/Cellar/avr-gcc/4.6.1/lib/gcc/avr/4.6.1/../../../../avr/lib/avr5/libc.a(vfprintf_std.o)
                                                  /usr/local/Cellar/avr-gcc/4.6.1/lib/gcc/avr/4.6.1/../../../../avr/lib/avr5/libc.a(printf.o)
